ls
tmp      linuxrc  dev      bin      proc     sbin
lib      etc      sys      usr      root
/ # 
/ # ls
tmp      linuxrc  dev      bin      proc     sbin
lib      etc      sys      usr      root
/ # 
/ # cd[J[Jcd [J[J[Jcd[J[Jc[Jcd [J[J[Jls
tmp      linuxrc  dev      bin      proc     sbin
lib      etc      sys      usr      root
/ # 
/ # modprobe =[J/[J/[Jd[J/dev[J[J[J[Jdriver-gamepad
[   58.880000] Initializing gamepad driver
[   58.890000] Init function complete, driver should now be visible under /dev
/ # 
/ # game
Running signal handler test
Unable to open driver device, maybe you didn't load the module?
Error setting pid as owner.
Error setting FASYNC flag.
Gecko
[    0.000000] Booting Linux on physical CPU 0x0
[    0.000000] Linux version 3.12.0-rc4 (non-root@76523091abb7) (gcc version 4.7.2 (OSELAS.Toolchain-2012.12.0) ) #1 PREEMPT Thu Nov 21 21:47:41 UTC 2019
[    0.000000] CPU: ARMv7-M [412fc231] revision 1 (ARMv7M), cr=00000000
[    0.000000] CPU: unknown data cache, unknown instruction cache
[    0.000000] Machine: EFM32 (Device Tree Support), model: Energy Micro Giant Gecko Development Kit
[    0.000000] debug: ignoring loglevel setting.
[    0.000000] bootconsole [earlycon0] enabled
[    0.000000] On node 0 totalpages: 986
[    0.000000] free_area_init_node: node 0, pgdat 16027d10, node_mem_map 16000000
[    0.000000]   Normal zone: 8 pages used for memmap
[    0.000000]   Normal zone: 0 pages reserved
[    0.000000]   Normal zone: 986 pages, LIFO batch:0
[    0.000000] pcpu-alloc: s0 r0 d32768 u32768 alloc=1*32768
[    0.000000] pcpu-alloc: [0] 0 
[    0.000000] Built 1 zonelists in Zone order, mobility grouping off.  Total pages: 978
[    0.000000] Kernel command line: console=ttyefm4,115200 init=/linuxrc ignore_loglevel ihash_entries=64 dhash_entries=64 earlyprintk uclinux.physaddr=0x18400000 root=/dev/mtdblock0
[    0.000000] PID hash table entries: 16 (order: -6, 64 bytes)
[    0.000000] Dentry cache hash table entries: 64 (order: -4, 256 bytes)
[    0.000000] Inode-cache hash table entries: 64 (order: -4, 256 bytes)
[    0.000000] Memory: 3684K/3944K available (1287K kernel code, 104K rwdata, 596K rodata, 66K init, 51K bss, 260K reserved)
[    0.000000] Virtual kernel memory layout:
[    0.000000]     vector  : 0x00000000 - 0x00001000   (   4 kB)
[    0.000000]     fixmap  : 0xfff00000 - 0xfffe0000   ( 896 kB)
[    0.000000]     vmalloc : 0x00000000 - 0xffffffff   (4095 MB)
[    0.000000]     lowmem  : 0x16000000 - 0x163da000   (   3 MB)
[    0.000000]     modules : 0x16000000 - 0x163da000   (   3 MB)
[    0.000000]       .text : 0x18000000 - 0x181d6d44   (1884 kB)
[    0.000000]       .init : 0x1600a000 - 0x16010000   (  24 kB)
[    0.000000]       .data : 0x16008000 - 0x16028360   ( 129 kB)
[    0.000000]        .bss : 0x1602836c - 0x16034f74   (  52 kB)
[    0.000000] SLUB: HWalign=32, Order=0-3, MinObjects=0, CPUs=1, Nodes=1
[    0.000000] Preemptible hierarchical RCU implementation.
[    0.000000] NR_IRQS:16 nr_irqs:16 16
[    0.000000] sched_clock: 32 bits at 100 Hz, resolution 10000000ns, wraps every 4294967286ms
[    0.000000] Console: colour dummy device 80x30
[    0.020000] Calibrating delay loop... 30.72 BogoMIPS (lpj=153600)
[    0.110000] pid_max: default: 4096 minimum: 301
[    0.120000] Mount-cache hash table entries: 512
Gecko
[    0.000000] Booting Linux on physical CPU 0x0
[    0.000000] Linux version 3.12.0-rc4 (non-root@76523091abb7) (gcc version 4.7.2 (OSELAS.Toolchain-2012.12.0) ) #1 PREEMPT Thu Nov 21 21:47:41 UTC 2019
[    0.000000] CPU: ARMv7-M [412fc231] revision 1 (ARMv7M), cr=00000000
[    0.000000] CPU: unknown data cache, unknown instruction cache
[    0.000000] Machine: EFM32 (Device Tree Support), model: Energy Micro Giant Gecko Development Kit
[    0.000000] debug: ignoring loglevel setting.
[    0.000000] bootconsole [earlycon0] enabled
[    0.000000] On node 0 totalpages: 986
[    0.000000] free_area_init_node: node 0, pgdat 16027d10, node_mem_map 16000000
[    0.000000]   Normal zone: 8 pages used for memmap
[    0.000000]   Normal zone: 0 pages reserved
[    0.000000]   Normal zone: 986 pages, LIFO batch:0
[    0.000000] pcpu-alloc: s0 r0 d32768 u32768 alloc=1*32768
[    0.000000] pcpu-alloc: [0] 0 
[    0.000000] Built 1 zonelists in Zone order, mobility grouping off.  Total pages: 978
[    0.000000] Kernel command line: console=ttyefm4,115200 init=/linuxrc ignore_loglevel ihash_entries=64 dhash_entries=64 earlyprintk uclinux.physaddr=0x18400000 root=/dev/mtdblock0
[    0.000000] PID hash table entries: 16 (order: -6, 64 bytes)
[    0.000000] Dentry cache hash table entries: 64 (order: -4, 256 bytes)
[    0.000000] Inode-cache hash table entries: 64 (order: -4, 256 bytes)
[    0.000000] Memory: 3684K/3944K available (1287K kernel code, 104K rwdata, 596K rodata, 66K init, 51K bss, 260K reserved)
[    0.000000] Virtual kernel memory layout:
[    0.000000]     vector  : 0x00000000 - 0x00001000   (   4 kB)
[    0.000000]     fixmap  : 0xfff00000 - 0xfffe0000   ( 896 kB)
[    0.000000]     vmalloc : 0x00000000 - 0xffffffff   (4095 MB)
[    0.000000]     lowmem  : 0x16000000 - 0x163da000   (   3 MB)
[    0.000000]     modules : 0x16000000 - 0x163da000   (   3 MB)
[    0.000000]       .text : 0x18000000 - 0x181d6d44   (1884 kB)
[    0.000000]       .init : 0x1600a000 - 0x16010000   (  24 kB)
[    0.000000]       .data : 0x16008000 - 0x16028360   ( 129 kB)
[    0.000000]        .bss : 0x1602836c - 0x16034f74   (  52 kB)
[    0.000000] SLUB: HWalign=32, Order=0-3, MinObjects=0, CPUs=1, Nodes=1
[    0.000000] Preemptible hierarchical RCU implementation.
[    0.000000] NR_IRQS:16 nr_irqs:16 16
[    0.000000] sched_clock: 32 bits at 100 Hz, resolution 10000000ns, wraps every 4294967286ms
[    0.000000] Console: colour dummy device 80x30
[    0.020000] Calibrating delay loop... 30.72 BogoMIPS (lpj=153600)
[    0.110000] pid_max: default: 4096 minimum: 301
[    0.120000] Mount-cache hash table entries: 512
[    0.360000] devtmpfs: initialized
[    0.430000] NET: Registered protocol family 16
[    0.640000] Reset Cause: 0x0000006c
[    0.640000]  `-> An external reset has been applied.
[    0.650000] Energy Micro Giant Gecko, EFM32GG990F1024 (rev 1D, prodrev 20), 128 kB RAM
[    0.660000] Missing cpus node, bailing out
[    0.950000] bio: create slab <bio-0> at 0
[    1.060000] Switched to clocksource efm32 timer
[    1.850000] NET: Registered protocol family 2
[    1.910000] TCP established hash table entries: 512 (order: 0, 4096 bytes)
[    1.930000] TCP bind hash table entries: 512 (order: -1, 2048 bytes)
[    1.940000] TCP: Hash tables configured (established 512 bind 512)
[    1.950000] TCP: reno registered
[    1.950000] UDP hash table entries: 256 (order: 0, 4096 bytes)
[    1.960000] UDP-Lite hash table entries: 256 (order: 0, 4096 bytes)
[    1.990000] NET: Registered protocol family 1
[    2.580000] ROMFS MTD (C) 2007 Red Hat, Inc.
[    2.660000] io scheduler noop registered (default)
[    2.990000] Console: switching to colour frame buffer device 40x30
[    3.200000] dk3750_fb 84000000.framebuffer: fb0: dk3750_fb registered!
[    3.220000] 4000e400.uart: ttyefm4 at MMIO 0x4000e400 (irq = 24, base_baud = 0) is a efm32-uart
[    3.230000] console [ttyefm4] enabled, bootconsole disabled
[    3.230000] console [ttyefm4] enabled, bootconsole disabled
[    3.270000] EFM32 UART/USART driver
[    3.340000] uclinux[mtd]: probe address=0x18400000 size=0x46000
[    3.360000] Creating 1 MTD partitions on "rom":
[    3.370000] 0x000000000000-0x000000046000 : "ROMfs"
[    3.500000] mousedev: PS/2 mouse device common for all mice
[    3.530000] i2c /dev entries driver
[    3.640000] at24 0-0050: 256 byte 24c02 EEPROM, writable, 16 bytes/write
[    3.690000] lm75 0-0048: hwmon1: sensor 'stds75'
[    3.740000] TCP: cubic registered
[    3.750000] NET: Registered protocol family 17
[    4.000000] VFS: Mounted root (romfs filesystem) readonly on device 31:0.
[    4.010000] devtmpfs: mounted
[    4.020000] Freeing unused kernel memory: 24K (1600a000 - 16010000)
 _____                            __  __ _                
| ____|_ __   ___ _ __ __ _ _   _|  `/  (_) ___ _ __ ___  
|  _| | '_ ` / _ ` '__/ _` | | | | |`/| | |/ __| '__/ _ ` 
| |___| | | |  __/ | | (_| | |_| | |  | | | (__| | | (_) |
|_____|_| |_|`___|_|  `__, |`__, |_|  |_|_|`___|_|  `___/ 
                      |___/ |___/                         



OSELAS(R)-Gecko-2012.10.0+ / energymicro-efm32gg-dk3750-2012.10.0+
ptxdist-2013.07.1/2019-11-19T16:45:31+0000

/ # Gecko
[    0.000000] Booting Linux on physical CPU 0x0
[    0.000000] Linux version 3.12.0-rc4 (non-root@76523091abb7) (gcc version 4.7.2 (OSELAS.Toolchain-2012.12.0) ) #1 PREEMPT Thu Nov 21 21:47:41 UTC 2019
[    0.000000] CPU: ARMv7-M [412fc231] revision 1 (ARMv7M), cr=00000000
[    0.000000] CPU: unknown data cache, unknown instruction cache
[    0.000000] Machine: EFM32 (Device Tree Support), model: Energy Micro Giant Gecko Development Kit
[    0.000000] debug: ignoring loglevel setting.
[    0.000000] bootconsole [earlycon0] enabled
[    0.000000] On node 0 totalpages: 986
[    0.000000] free_area_init_node: node 0, pgdat 16027d10, node_mem_map 16000000
[    0.000000]   Normal zone: 8 pages used for memmap
[    0.000000]   Normal zone: 0 pages reserved
[    0.000000]   Normal zone: 986 pages, LIFO batch:0
[    0.000000] pcpu-alloc: s0 r0 d32768 u32768 alloc=1*32768
[    0.000000] pcpu-alloc: [0] 0 
[    0.000000] Built 1 zonelists in Zone order, mobility grouping off.  Total pages: 978
[    0.000000] Kernel command line: console=ttyefm4,115200 init=/linuxrc ignore_loglevel ihash_entries=64 dhash_entries=64 earlyprintk uclinux.physaddr=0x18400000 root=/dev/mtdblock0
[    0.000000] PID hash table entries: 16 (order: -6, 64 bytes)
[    0.000000] Dentry cache hash table entries: 64 (order: -4, 256 bytes)
[    0.000000] Inode-cache hash table entries: 64 (order: -4, 256 bytes)
[    0.000000] Memory: 3684K/3944K available (1287K kernel code, 104K rwdata, 596K rodata, 66K init, 51K bss, 260K reserved)
[    0.000000] Virtual kernel memory layout:
[    0.000000]     vector  : 0x00000000 - 0x00001000   (   4 kB)
[    0.000000]     fixmap  : 0xfff00000 - 0xfffe0000   ( 896 kB)
[    0.000000]     vmalloc : 0x00000000 - 0xffffffff   (4095 MB)
[    0.000000]     lowmem  : 0x16000000 - 0x163da000   (   3 MB)
[    0.000000]     modules : 0x16000000 - 0x163da000   (   3 MB)
[    0.000000]       .text : 0x18000000 - 0x181d6d44   (1884 kB)
[    0.000000]       .init : 0x1600a000 - 0x16010000   (  24 kB)
[    0.000000]       .data : 0x16008000 - 0x16028360   ( 129 kB)
[    0.000000]        .bss : 0x1602836c - 0x16034f74   (  52 kB)
[    0.000000] SLUB: HWalign=32, Order=0-3, MinObjects=0, CPUs=1, Nodes=1
[    0.000000] Preemptible hierarchical RCU implementation.
[    0.000000] NR_IRQS:16 nr_irqs:16 16
[    0.000000] sched_clock: 32 bits at 100 Hz, resolution 10000000ns, wraps every 4294967286ms
[    0.000000] Console: colour dummy device 80x30
[    0.020000] Calibrating delay loop... 30.72 BogoMIPS (lpj=153600)
[    0.110000] pid_max: default: 4096 minimum: 301
[    0.120000] Mount-cache hash table entries: 512
Gecko
[    0.000000] Booting Linux on physical CPU 0x0
[    0.000000] Linux version 3.12.0-rc4 (non-root@76523091abb7) (gcc version 4.7.2 (OSELAS.Toolchain-2012.12.0) ) #1 PREEMPT Thu Nov 21 21:47:41 UTC 2019
[    0.000000] CPU: ARMv7-M [412fc231] revision 1 (ARMv7M), cr=00000000
[    0.000000] CPU: unknown data cache, unknown instruction cache
[    0.000000] Machine: EFM32 (Device Tree Support), model: Energy Micro Giant Gecko Development Kit
[    0.000000] debug: ignoring loglevel setting.
[    0.000000] bootconsole [earlycon0] enabled
[    0.000000] On node 0 totalpages: 986
[    0.000000] free_area_init_node: node 0, pgdat 16027d10, node_mem_map 16000000
[    0.000000]   Normal zone: 8 pages used for memmap
[    0.000000]   Normal zone: 0 pages reserved
[    0.000000]   Normal zone: 986 pages, LIFO batch:0
[    0.000000] pcpu-alloc: s0 r0 d32768 u32768 alloc=1*32768
[    0.000000] pcpu-alloc: [0] 0 
[    0.000000] Built 1 zonelists in Zone order, mobility grouping off.  Total pages: 978
[    0.000000] Kernel command line: console=ttyefm4,115200 init=/linuxrc ignore_loglevel ihash_entries=64 dhash_entries=64 earlyprintk uclinux.physaddr=0x18400000 root=/dev/mtdblock0
[    0.000000] PID hash table entries: 16 (order: -6, 64 bytes)
[    0.000000] Dentry cache hash table entries: 64 (order: -4, 256 bytes)
[    0.000000] Inode-cache hash table entries: 64 (order: -4, 256 bytes)
[    0.000000] Memory: 3684K/3944K available (1287K kernel code, 104K rwdata, 596K rodata, 66K init, 51K bss, 260K reserved)
[    0.000000] Virtual kernel memory layout:
[    0.000000]     vector  : 0x00000000 - 0x00001000   (   4 kB)
[    0.000000]     fixmap  : 0xfff00000 - 0xfffe0000   ( 896 kB)
[    0.000000]     vmalloc : 0x00000000 - 0xffffffff   (4095 MB)
[    0.000000]     lowmem  : 0x16000000 - 0x163da000   (   3 MB)
[    0.000000]     modules : 0x16000000 - 0x163da000   (   3 MB)
[    0.000000]       .text : 0x18000000 - 0x181d6d44   (1884 kB)
[    0.000000]       .init : 0x1600a000 - 0x16010000   (  24 kB)
[    0.000000]       .data : 0x16008000 - 0x16028360   ( 129 kB)
[    0.000000]        .bss : 0x1602836c - 0x16034f74   (  52 kB)
[    0.000000] SLUB: HWalign=32, Order=0-3, MinObjects=0, CPUs=1, Nodes=1
[    0.000000] Preemptible hierarchical RCU implementation.
[    0.000000] NR_IRQS:16 nr_irqs:16 16
[    0.000000] sched_clock: 32 bits at 100 Hz, resolution 10000000ns, wraps every 4294967286ms
[    0.000000] Console: colour dummy device 80x30
[    0.020000] Calibrating delay loop... 30.72 BogoMIPS (lpj=153600)
[    0.110000] pid_max: default: 4096 minimum: 301
[    0.120000] Mount-cache hash table entries: 512
[    0.360000] devtmpfs: initialized
[    0.430000] NET: Registered protocol family 16
[    0.640000] Reset Cause: 0x0000006c
[    0.640000]  `-> An external reset has been applied.
[    0.650000] Energy Micro Giant Gecko, EFM32GG990F1024 (rev 1D, prodrev 20), 128 kB RAM
[    0.660000] Missing cpus node, bailing out
[    0.950000] bio: create slab <bio-0> at 0
[    1.060000] Switched to clocksource efm32 timer
[    1.850000] NET: Registered protocol family 2
[    1.910000] TCP established hash table entries: 512 (order: 0, 4096 bytes)
[    1.930000] TCP bind hash table entries: 512 (order: -1, 2048 bytes)
[    1.940000] TCP: Hash tables configured (established 512 bind 512)
[    1.950000] TCP: reno registered
[    1.950000] UDP hash table entries: 256 (order: 0, 4096 bytes)
[    1.960000] UDP-Lite hash table entries: 256 (order: 0, 4096 bytes)
[    1.990000] NET: Registered protocol family 1
[    2.580000] ROMFS MTD (C) 2007 Red Hat, Inc.
[    2.660000] io scheduler noop registered (default)
[    2.990000] Console: switching to colour frame buffer device 40x30
[    3.200000] dk3750_fb 84000000.framebuffer: fb0: dk3750_fb registered!
[    3.220000] 4000e400.uart: ttyefm4 at MMIO 0x4000e400 (irq = 24, base_baud = 0) is a efm32-uart
[    3.230000] console [ttyefm4] enabled, bootconsole disabled
[    3.230000] console [ttyefm4] enabled, bootconsole disabled
[    3.270000] EFM32 UART/USART driver
[    3.340000] uclinux[mtd]: probe address=0x18400000 size=0x49000
[    3.360000] Creating 1 MTD partitions on "rom":
[    3.370000] 0x000000000000-0x000000049000 : "ROMfs"
[    3.500000] mousedev: PS/2 mouse device common for all mice
[    3.530000] i2c /dev entries driver
[    3.640000] at24 0-0050: 256 byte 24c02 EEPROM, writable, 16 bytes/write
[    3.690000] lm75 0-0048: hwmon1: sensor 'stds75'
[    3.740000] TCP: cubic registered
[    3.750000] NET: Registered protocol family 17
[    4.000000] VFS: Mounted root (romfs filesystem) readonly on device 31:0.
[    4.010000] devtmpfs: mounted
[    4.020000] Freeing unused kernel memory: 24K (1600a000 - 16010000)
 _____                            __  __ _                
| ____|_ __   ___ _ __ __ _ _   _|  `/  (_) ___ _ __ ___  
|  _| | '_ ` / _ ` '__/ _` | | | | |`/| | |/ __| '__/ _ ` 
| |___| | | |  __/ | | (_| | |_| | |  | | | (__| | | (_) |
|_____|_| |_|`___|_|  `__, |`__, |_|  |_|_|`___|_|  `___/ 
                      |___/ |___/                         



OSELAS(R)-Gecko-2012.10.0+ / energymicro-efm32gg-dk3750-2012.10.0+
ptxdist-2013.07.1/2019-11-19T16:45:31+0000

/ # Gecko
[    0.000000] Booting Linux on physical CPU 0x0
[    0.000000] Linux version 3.12.0-rc4 (non-root@76523091abb7) (gcc version 4.7.2 (OSELAS.Toolchain-2012.12.0) ) #1 PREEMPT Thu Nov 21 21:47:41 UTC 2019
[    0.000000] CPU: ARMv7-M [412fc231] revision 1 (ARMv7M), cr=00000000
[    0.000000] CPU: unknown data cache, unknown instruction cache
[    0.000000] Machine: EFM32 (Device Tree Support), model: Energy Micro Giant Gecko Development Kit
[    0.000000] debug: ignoring loglevel setting.
[    0.000000] bootconsole [earlycon0] enabled
[    0.000000] On node 0 totalpages: 986
[    0.000000] free_area_init_node: node 0, pgdat 16027d10, node_mem_map 16000000
[    0.000000]   Normal zone: 8 pages used for memmap
[    0.000000]   Normal zone: 0 pages reserved
[    0.000000]   Normal zone: 986 pages, LIFO batch:0
[    0.000000] pcpu-alloc: s0 r0 d32768 u32768 alloc=1*32768
[    0.000000] pcpu-alloc: [0] 0 
[    0.000000] Built 1 zonelists in Zone order, mobility grouping off.  Total pages: 978
[    0.000000] Kernel command line: console=ttyefm4,115200 init=/linuxrc ignore_loglevel ihash_entries=64 dhash_entries=64 earlyprintk uclinux.physaddr=0x18400000 root=/dev/mtdblock0
[    0.000000] PID hash table entries: 16 (order: -6, 64 bytes)
[    0.000000] Dentry cache hash table entries: 64 (order: -4, 256 bytes)
[    0.000000] Inode-cache hash table entries: 64 (order: -4, 256 bytes)
[    0.000000] Memory: 3684K/3944K available (1287K kernel code, 104K rwdata, 596K rodata, 66K init, 51K bss, 260K reserved)
[    0.000000] Virtual kernel memory layout:
[    0.000000]     vector  : 0x00000000 - 0x00001000   (   4 kB)
[    0.000000]     fixmap  : 0xfff00000 - 0xfffe0000   ( 896 kB)
[    0.000000]     vmalloc : 0x00000000 - 0xffffffff   (4095 MB)
[    0.000000]     lowmem  : 0x16000000 - 0x163da000   (   3 MB)
[    0.000000]     modules : 0x16000000 - 0x163da000   (   3 MB)
[    0.000000]       .text : 0x18000000 - 0x181d6d44   (1884 kB)
[    0.000000]       .init : 0x1600a000 - 0x16010000   (  24 kB)
[    0.000000]       .data : 0x16008000 - 0x16028360   ( 129 kB)
[    0.000000]        .bss : 0x1602836c - 0x16034f74   (  52 kB)
[    0.000000] SLUB: HWalign=32, Order=0-3, MinObjects=0, CPUs=1, Nodes=1
[    0.000000] Preemptible hierarchical RCU implementation.
[    0.000000] NR_IRQS:16 nr_irqs:16 16
[    0.000000] sched_clock: 32 bits at 100 Hz, resolution 10000000ns, wraps every 4294967286ms
[    0.000000] Console: colour dummy device 80x30
[    0.020000] Calibrating delay loop... 30.72 BogoMIPS (lpj=153600)
[    0.110000] pid_max: default: 4096 minimum: 301
[    0.120000] Mount-cache hash table entries: 512
Gecko
[    0.000000] Booting Linux on physical CPU 0x0
[    0.000000] Linux version 3.12.0-rc4 (non-root@76523091abb7) (gcc version 4.7.2 (OSELAS.Toolchain-2012.12.0) ) #1 PREEMPT Thu Nov 21 21:47:41 UTC 2019
[    0.000000] CPU: ARMv7-M [412fc231] revision 1 (ARMv7M), cr=00000000
[    0.000000] CPU: unknown data cache, unknown instruction cache
[    0.000000] Machine: EFM32 (Device Tree Support), model: Energy Micro Giant Gecko Development Kit
[    0.000000] debug: ignoring loglevel setting.
[    0.000000] bootconsole [earlycon0] enabled
[    0.000000] On node 0 totalpages: 986
[    0.000000] free_area_init_node: node 0, pgdat 16027d10, node_mem_map 16000000
[    0.000000]   Normal zone: 8 pages used for memmap
[    0.000000]   Normal zone: 0 pages reserved
[    0.000000]   Normal zone: 986 pages, LIFO batch:0
[    0.000000] pcpu-alloc: s0 r0 d32768 u32768 alloc=1*32768
[    0.000000] pcpu-alloc: [0] 0 
[    0.000000] Built 1 zonelists in Zone order, mobility grouping off.  Total pages: 978
[    0.000000] Kernel command line: console=ttyefm4,115200 init=/linuxrc ignore_loglevel ihash_entries=64 dhash_entries=64 earlyprintk uclinux.physaddr=0x18400000 root=/dev/mtdblock0
[    0.000000] PID hash table entries: 16 (order: -6, 64 bytes)
[    0.000000] Dentry cache hash table entries: 64 (order: -4, 256 bytes)
[    0.000000] Inode-cache hash table entries: 64 (order: -4, 256 bytes)
[    0.000000] Memory: 3684K/3944K available (1287K kernel code, 104K rwdata, 596K rodata, 66K init, 51K bss, 260K reserved)
[    0.000000] Virtual kernel memory layout:
[    0.000000]     vector  : 0x00000000 - 0x00001000   (   4 kB)
[    0.000000]     fixmap  : 0xfff00000 - 0xfffe0000   ( 896 kB)
[    0.000000]     vmalloc : 0x00000000 - 0xffffffff   (4095 MB)
[    0.000000]     lowmem  : 0x16000000 - 0x163da000   (   3 MB)
[    0.000000]     modules : 0x16000000 - 0x163da000   (   3 MB)
[    0.000000]       .text : 0x18000000 - 0x181d6d44   (1884 kB)
[    0.000000]       .init : 0x1600a000 - 0x16010000   (  24 kB)
[    0.000000]       .data : 0x16008000 - 0x16028360   ( 129 kB)
[    0.000000]        .bss : 0x1602836c - 0x16034f74   (  52 kB)
[    0.000000] SLUB: HWalign=32, Order=0-3, MinObjects=0, CPUs=1, Nodes=1
[    0.000000] Preemptible hierarchical RCU implementation.
[    0.000000] NR_IRQS:16 nr_irqs:16 16
[    0.000000] sched_clock: 32 bits at 100 Hz, resolution 10000000ns, wraps every 4294967286ms
[    0.000000] Console: colour dummy device 80x30
[    0.020000] Calibrating delay loop... 30.72 BogoMIPS (lpj=153600)
[    0.110000] pid_max: default: 4096 minimum: 301
[    0.120000] Mount-cache hash table entries: 512
[    0.360000] devtmpfs: initialized
[    0.430000] NET: Registered protocol family 16
[    0.640000] Reset Cause: 0x0000006c
[    0.640000]  `-> An external reset has been applied.
[    0.650000] Energy Micro Giant Gecko, EFM32GG990F1024 (rev 1D, prodrev 20), 128 kB RAM
[    0.660000] Missing cpus node, bailing out
[    0.950000] bio: create slab <bio-0> at 0
[    1.060000] Switched to clocksource efm32 timer
[    1.850000] NET: Registered protocol family 2
[    1.910000] TCP established hash table entries: 512 (order: 0, 4096 bytes)
[    1.930000] TCP bind hash table entries: 512 (order: -1, 2048 bytes)
[    1.940000] TCP: Hash tables configured (established 512 bind 512)
[    1.950000] TCP: reno registered
[    1.950000] UDP hash table entries: 256 (order: 0, 4096 bytes)
[    1.960000] UDP-Lite hash table entries: 256 (order: 0, 4096 bytes)
[    1.990000] NET: Registered protocol family 1
[    2.580000] ROMFS MTD (C) 2007 Red Hat, Inc.
[    2.660000] io scheduler noop registered (default)
[    2.990000] Console: switching to colour frame buffer device 40x30
[    3.200000] dk3750_fb 84000000.framebuffer: fb0: dk3750_fb registered!
[    3.220000] 4000e400.uart: ttyefm4 at MMIO 0x4000e400 (irq = 24, base_baud = 0) is a efm32-uart
[    3.230000] console [ttyefm4] enabled, bootconsole disabled
[    3.230000] console [ttyefm4] enabled, bootconsole disabled
[    3.270000] EFM32 UART/USART driver
[    3.340000] uclinux[mtd]: probe address=0x18400000 size=0x46000
[    3.360000] Creating 1 MTD partitions on "rom":
[    3.370000] 0x000000000000-0x000000046000 : "ROMfs"
[    3.500000] mousedev: PS/2 mouse device common for all mice
[    3.530000] i2c /dev entries driver
[    3.640000] at24 0-0050: 256 byte 24c02 EEPROM, writable, 16 bytes/write
[    3.690000] lm75 0-0048: hwmon1: sensor 'stds75'
[    3.740000] TCP: cubic registered
[    3.750000] NET: Registered protocol family 17
[    4.000000] VFS: Mounted root (romfs filesystem) readonly on device 31:0.
[    4.010000] devtmpfs: mounted
[    4.020000] Freeing unused kernel memory: 24K (1600a000 - 16010000)
 _____                            __  __ _                
| ____|_ __   ___ _ __ __ _ _   _|  `/  (_) ___ _ __ ___  
|  _| | '_ ` / _ ` '__/ _` | | | | |`/| | |/ __| '__/ _ ` 
| |___| | | |  __/ | | (_| | |_| | |  | | | (__| | | (_) |
|_____|_| |_|`___|_|  `__, |`__, |_|  |_|_|`___|_|  `___/ 
                      |___/ |___/                         



OSELAS(R)-Gecko-2012.10.0+ / energymicro-efm32gg-dk3750-2012.10.0+
ptxdist-2013.07.1/2019-11-19T16:45:31+0000

/ # Gecko
[    0.000000] Booting Linux on physical CPU 0x0
[    0.000000] Linux version 3.12.0-rc4 (non-root@76523091abb7) (gcc version 4.7.2 (OSELAS.Toolchain-2012.12.0) ) #1 PREEMPT Thu Nov 21 21:47:41 UTC 2019
[    0.000000] CPU: ARMv7-M [412fc231] revision 1 (ARMv7M), cr=00000000
[    0.000000] CPU: unknown data cache, unknown instruction cache
[    0.000000] Machine: EFM32 (Device Tree Support), model: Energy Micro Giant Gecko Development Kit
[    0.000000] debug: ignoring loglevel setting.
[    0.000000] bootconsole [earlycon0] enabled
[    0.000000] On node 0 totalpages: 986
[    0.000000] free_area_init_node: node 0, pgdat 16027d10, node_mem_map 16000000
[    0.000000]   Normal zone: 8 pages used for memmap
[    0.000000]   Normal zone: 0 pages reserved
[    0.000000]   Normal zone: 986 pages, LIFO batch:0
[    0.000000] pcpu-alloc: s0 r0 d32768 u32768 alloc=1*32768
[    0.000000] pcpu-alloc: [0] 0 
[    0.000000] Built 1 zonelists in Zone order, mobility grouping off.  Total pages: 978
[    0.000000] Kernel command line: console=ttyefm4,115200 init=/linuxrc ignore_loglevel ihash_entries=64 dhash_entries=64 earlyprintk uclinux.physaddr=0x18400000 root=/dev/mtdblock0
[    0.000000] PID hash table entries: 16 (order: -6, 64 bytes)
[    0.000000] Dentry cache hash table entries: 64 (order: -4, 256 bytes)
[    0.000000] Inode-cache hash table entries: 64 (order: -4, 256 bytes)
[    0.000000] Memory: 3684K/3944K available (1287K kernel code, 104K rwdata, 596K rodata, 66K init, 51K bss, 260K reserved)
[    0.000000] Virtual kernel memory layout:
[    0.000000]     vector  : 0x00000000 - 0x00001000   (   4 kB)
[    0.000000]     fixmap  : 0xfff00000 - 0xfffe0000   ( 896 kB)
[    0.000000]     vmalloc : 0x00000000 - 0xffffffff   (4095 MB)
[    0.000000]     lowmem  : 0x16000000 - 0x163da000   (   3 MB)
[    0.000000]     modules : 0x16000000 - 0x163da000   (   3 MB)
[    0.000000]       .text : 0x18000000 - 0x181d6d44   (1884 kB)
[    0.000000]       .init : 0x1600a000 - 0x16010000   (  24 kB)
[    0.000000]       .data : 0x16008000 - 0x16028360   ( 129 kB)
[    0.000000]        .bss : 0x1602836c - 0x16034f74   (  52 kB)
[    0.000000] SLUB: HWalign=32, Order=0-3, MinObjects=0, CPUs=1, Nodes=1
[    0.000000] Preemptible hierarchical RCU implementation.
[    0.000000] NR_IRQS:16 nr_irqs:16 16
[    0.000000] sched_clock: 32 bits at 100 Hz, resolution 10000000ns, wraps every 4294967286ms
[    0.000000] Console: colour dummy device 80x30
[    0.020000] Calibrating delay loop... 30.72 BogoMIPS (lpj=153600)
[    0.110000] pid_max: default: 4096 minimum: 301
[    0.120000] Mount-cache hash table entries: 512
Gecko
[    0.000000] Booting Linux on physical CPU 0x0
[    0.000000] Linux version 3.12.0-rc4 (non-root@76523091abb7) (gcc version 4.7.2 (OSELAS.Toolchain-2012.12.0) ) #1 PREEMPT Thu Nov 21 21:47:41 UTC 2019
[    0.000000] CPU: ARMv7-M [412fc231] revision 1 (ARMv7M), cr=00000000
[    0.000000] CPU: unknown data cache, unknown instruction cache
[    0.000000] Machine: EFM32 (Device Tree Support), model: Energy Micro Giant Gecko Development Kit
[    0.000000] debug: ignoring loglevel setting.
[    0.000000] bootconsole [earlycon0] enabled
[    0.000000] On node 0 totalpages: 986
[    0.000000] free_area_init_node: node 0, pgdat 16027d10, node_mem_map 16000000
[    0.000000]   Normal zone: 8 pages used for memmap
[    0.000000]   Normal zone: 0 pages reserved
[    0.000000]   Normal zone: 986 pages, LIFO batch:0
[    0.000000] pcpu-alloc: s0 r0 d32768 u32768 alloc=1*32768
[    0.000000] pcpu-alloc: [0] 0 
[    0.000000] Built 1 zonelists in Zone order, mobility grouping off.  Total pages: 978
[    0.000000] Kernel command line: console=ttyefm4,115200 init=/linuxrc ignore_loglevel ihash_entries=64 dhash_entries=64 earlyprintk uclinux.physaddr=0x18400000 root=/dev/mtdblock0
[    0.000000] PID hash table entries: 16 (order: -6, 64 bytes)
[    0.000000] Dentry cache hash table entries: 64 (order: -4, 256 bytes)
[    0.000000] Inode-cache hash table entries: 64 (order: -4, 256 bytes)
[    0.000000] Memory: 3684K/3944K available (1287K kernel code, 104K rwdata, 596K rodata, 66K init, 51K bss, 260K reserved)
[    0.000000] Virtual kernel memory layout:
[    0.000000]     vector  : 0x00000000 - 0x00001000   (   4 kB)
[    0.000000]     fixmap  : 0xfff00000 - 0xfffe0000   ( 896 kB)
[    0.000000]     vmalloc : 0x00000000 - 0xffffffff   (4095 MB)
[    0.000000]     lowmem  : 0x16000000 - 0x163da000   (   3 MB)
[    0.000000]     modules : 0x16000000 - 0x163da000   (   3 MB)
[    0.000000]       .text : 0x18000000 - 0x181d6d44   (1884 kB)
[    0.000000]       .init : 0x1600a000 - 0x16010000   (  24 kB)
[    0.000000]       .data : 0x16008000 - 0x16028360   ( 129 kB)
[    0.000000]        .bss : 0x1602836c - 0x16034f74   (  52 kB)
[    0.000000] SLUB: HWalign=32, Order=0-3, MinObjects=0, CPUs=1, Nodes=1
[    0.000000] Preemptible hierarchical RCU implementation.
[    0.000000] NR_IRQS:16 nr_irqs:16 16
[    0.000000] sched_clock: 32 bits at 100 Hz, resolution 10000000ns, wraps every 4294967286ms
[    0.000000] Console: colour dummy device 80x30
[    0.020000] Calibrating delay loop... 30.72 BogoMIPS (lpj=153600)
[    0.110000] pid_max: default: 4096 minimum: 301
[    0.120000] Mount-cache hash table entries: 512
[    0.360000] devtmpfs: initialized
[    0.430000] NET: Registered protocol family 16
[    0.640000] Reset Cause: 0x0000006c
[    0.640000]  `-> An external reset has been applied.
[    0.650000] Energy Micro Giant Gecko, EFM32GG990F1024 (rev 1D, prodrev 20), 128 kB RAM
[    0.660000] Missing cpus node, bailing out
[    0.950000] bio: create slab <bio-0> at 0
[    1.060000] Switched to clocksource efm32 timer
[    1.850000] NET: Registered protocol family 2
[    1.910000] TCP established hash table entries: 512 (order: 0, 4096 bytes)
[    1.930000] TCP bind hash table entries: 512 (order: -1, 2048 bytes)
[    1.940000] TCP: Hash tables configured (established 512 bind 512)
[    1.950000] TCP: reno registered
[    1.950000] UDP hash table entries: 256 (order: 0, 4096 bytes)
[    1.960000] UDP-Lite hash table entries: 256 (order: 0, 4096 bytes)
[    1.990000] NET: Registered protocol family 1
[    2.580000] ROMFS MTD (C) 2007 Red Hat, Inc.
[    2.660000] io scheduler noop registered (default)
[    2.990000] Console: switching to colour frame buffer device 40x30
[    3.200000] dk3750_fb 84000000.framebuffer: fb0: dk3750_fb registered!
[    3.220000] 4000e400.uart: ttyefm4 at MMIO 0x4000e400 (irq = 24, base_baud = 0) is a efm32-uart
[    3.230000] console [ttyefm4] enabled, bootconsole disabled
[    3.230000] console [ttyefm4] enabled, bootconsole disabled
[    3.270000] EFM32 UART/USART driver
[    3.340000] uclinux[mtd]: probe address=0x18400000 size=0x49000
[    3.360000] Creating 1 MTD partitions on "rom":
[    3.370000] 0x000000000000-0x000000049000 : "ROMfs"
[    3.500000] mousedev: PS/2 mouse device common for all mice
[    3.530000] i2c /dev entries driver
[    3.640000] at24 0-0050: 256 byte 24c02 EEPROM, writable, 16 bytes/write
[    3.690000] lm75 0-0048: hwmon1: sensor 'stds75'
[    3.740000] TCP: cubic registered
[    3.750000] NET: Registered protocol family 17
[    4.000000] VFS: Mounted root (romfs filesystem) readonly on device 31:0.
[    4.010000] devtmpfs: mounted
[    4.020000] Freeing unused kernel memory: 24K (1600a000 - 16010000)
 _____                            __  __ _                
| ____|_ __   ___ _ __ __ _ _   _|  `/  (_) ___ _ __ ___  
|  _| | '_ ` / _ ` '__/ _` | | | | |`/| | |/ __| '__/ _ ` 
| |___| | | |  __/ | | (_| | |_| | |  | | | (__| | | (_) |
|_____|_| |_|`___|_|  `__, |`__, |_|  |_|_|`___|_|  `___/ 
                      |___/ |___/                         



OSELAS(R)-Gecko-2012.10.0+ / energymicro-efm32gg-dk3750-2012.10.0+
ptxdist-2013.07.1/2019-11-19T16:45:31+0000

/ # modprobe driver-gamepad
[   28.310000] Initializing gamepad driver
[   28.320000] Init function complete, driver should now be visible under /dev
/ # 
/ # Gecko
[    0.000000] Booting Linux on physical CPU 0x0
[    0.000000] Linux version 3.12.0-rc4 (non-root@76523091abb7) (gcc version 4.7.2 (OSELAS.Toolchain-2012.12.0) ) #1 PREEMPT Thu Nov 21 21:47:41 UTC 2019
[    0.000000] CPU: ARMv7-M [412fc231] revision 1 (ARMv7M), cr=00000000
[    0.000000] CPU: unknown data cache, unknown instruction cache
[    0.000000] Machine: EFM32 (Device Tree Support), model: Energy Micro Giant Gecko Development Kit
[    0.000000] debug: ignoring loglevel setting.
[    0.000000] bootconsole [earlycon0] enabled
[    0.000000] On node 0 totalpages: 986
[    0.000000] free_area_init_node: node 0, pgdat 16027d10, node_mem_map 16000000
[    0.000000]   Normal zone: 8 pages used for memmap
[    0.000000]   Normal zone: 0 pages reserved
[    0.000000]   Normal zone: 986 pages, LIFO batch:0
[    0.000000] pcpu-alloc: s0 r0 d32768 u32768 alloc=1*32768
[    0.000000] pcpu-alloc: [0] 0 
[    0.000000] Built 1 zonelists in Zone order, mobility grouping off.  Total pages: 978
[    0.000000] Kernel command line: console=ttyefm4,115200 init=/linuxrc ignore_loglevel ihash_entries=64 dhash_entries=64 earlyprintk uclinux.physaddr=0x18400000 root=/dev/mtdblock0
[    0.000000] PID hash table entries: 16 (order: -6, 64 bytes)
[    0.000000] Dentry cache hash table entries: 64 (order: -4, 256 bytes)
[    0.000000] Inode-cache hash table entries: 64 (order: -4, 256 bytes)
[    0.000000] Memory: 3684K/3944K available (1287K kernel code, 104K rwdata, 596K rodata, 66K init, 51K bss, 260K reserved)
[    0.000000] Virtual kernel memory layout:
[    0.000000]     vector  : 0x00000000 - 0x00001000   (   4 kB)
[    0.000000]     fixmap  : 0xfff00000 - 0xfffe0000   ( 896 kB)
[    0.000000]     vmalloc : 0x00000000 - 0xffffffff   (4095 MB)
[    0.000000]     lowmem  : 0x16000000 - 0x163da000   (   3 MB)
[    0.000000]     modules : 0x16000000 - 0x163da000   (   3 MB)
[    0.000000]       .text : 0x18000000 - 0x181d6d44   (1884 kB)
[    0.000000]       .init : 0x1600a000 - 0x16010000   (  24 kB)
[    0.000000]       .data : 0x16008000 - 0x16028360   ( 129 kB)
[    0.000000]        .bss : 0x1602836c - 0x16034f74   (  52 kB)
[    0.000000] SLUB: HWalign=32, Order=0-3, MinObjects=0, CPUs=1, Nodes=1
[    0.000000] Preemptible hierarchical RCU implementation.
[    0.000000] NR_IRQS:16 nr_irqs:16 16
[    0.000000] sched_clock: 32 bits at 100 Hz, resolution 10000000ns, wraps every 4294967286ms
[    0.000000] Console: colour dummy device 80x30
[    0.020000] Calibrating delay loop... 30.72 BogoMIPS (lpj=153600)
[    0.110000] pid_max: default: 4096 minimum: 301
[    0.120000] Mount-cache hash table entries: 512
Gecko
[    0.000000] Booting Linux on physical CPU 0x0
[    0.000000] Linux version 3.12.0-rc4 (non-root@76523091abb7) (gcc version 4.7.2 (OSELAS.Toolchain-2012.12.0) ) #1 PREEMPT Thu Nov 21 21:47:41 UTC 2019
[    0.000000] CPU: ARMv7-M [412fc231] revision 1 (ARMv7M), cr=00000000
[    0.000000] CPU: unknown data cache, unknown instruction cache
[    0.000000] Machine: EFM32 (Device Tree Support), model: Energy Micro Giant Gecko Development Kit
[    0.000000] debug: ignoring loglevel setting.
[    0.000000] bootconsole [earlycon0] enabled
[    0.000000] On node 0 totalpages: 986
[    0.000000] free_area_init_node: node 0, pgdat 16027d10, node_mem_map 16000000
[    0.000000]   Normal zone: 8 pages used for memmap
[    0.000000]   Normal zone: 0 pages reserved
[    0.000000]   Normal zone: 986 pages, LIFO batch:0
[    0.000000] pcpu-alloc: s0 r0 d32768 u32768 alloc=1*32768
[    0.000000] pcpu-alloc: [0] 0 
[    0.000000] Built 1 zonelists in Zone order, mobility grouping off.  Total pages: 978
[    0.000000] Kernel command line: console=ttyefm4,115200 init=/linuxrc ignore_loglevel ihash_entries=64 dhash_entries=64 earlyprintk uclinux.physaddr=0x18400000 root=/dev/mtdblock0
[    0.000000] PID hash table entries: 16 (order: -6, 64 bytes)
[    0.000000] Dentry cache hash table entries: 64 (order: -4, 256 bytes)
[    0.000000] Inode-cache hash table entries: 64 (order: -4, 256 bytes)
[    0.000000] Memory: 3684K/3944K available (1287K kernel code, 104K rwdata, 596K rodata, 66K init, 51K bss, 260K reserved)
[    0.000000] Virtual kernel memory layout:
[    0.000000]     vector  : 0x00000000 - 0x00001000   (   4 kB)
[    0.000000]     fixmap  : 0xfff00000 - 0xfffe0000   ( 896 kB)
[    0.000000]     vmalloc : 0x00000000 - 0xffffffff   (4095 MB)
[    0.000000]     lowmem  : 0x16000000 - 0x163da000   (   3 MB)
[    0.000000]     modules : 0x16000000 - 0x163da000   (   3 MB)
[    0.000000]       .text : 0x18000000 - 0x181d6d44   (1884 kB)
[    0.000000]       .init : 0x1600a000 - 0x16010000   (  24 kB)
[    0.000000]       .data : 0x16008000 - 0x16028360   ( 129 kB)
[    0.000000]        .bss : 0x1602836c - 0x16034f74   (  52 kB)
[    0.000000] SLUB: HWalign=32, Order=0-3, MinObjects=0, CPUs=1, Nodes=1
[    0.000000] Preemptible hierarchical RCU implementation.
[    0.000000] NR_IRQS:16 nr_irqs:16 16
[    0.000000] sched_clock: 32 bits at 100 Hz, resolution 10000000ns, wraps every 4294967286ms
[    0.000000] Console: colour dummy device 80x30
[    0.020000] Calibrating delay loop... 30.72 BogoMIPS (lpj=153600)
[    0.110000] pid_max: default: 4096 minimum: 301
[    0.120000] Mount-cache hash table entries: 512
[    0.360000] devtmpfs: initialized
[    0.430000] NET: Registered protocol family 16
[    0.640000] Reset Cause: 0x0000006c
[    0.640000]  `-> An external reset has been applied.
[    0.650000] Energy Micro Giant Gecko, EFM32GG990F1024 (rev 1D, prodrev 20), 128 kB RAM
[    0.660000] Missing cpus node, bailing out
[    0.950000] bio: create slab <bio-0> at 0
[    1.060000] Switched to clocksource efm32 timer
[    1.850000] NET: Registered protocol family 2
[    1.910000] TCP established hash table entries: 512 (order: 0, 4096 bytes)
[    1.930000] TCP bind hash table entries: 512 (order: -1, 2048 bytes)
[    1.940000] TCP: Hash tables configured (established 512 bind 512)
[    1.950000] TCP: reno registered
[    1.950000] UDP hash table entries: 256 (order: 0, 4096 bytes)
[    1.960000] UDP-Lite hash table entries: 256 (order: 0, 4096 bytes)
[    1.990000] NET: Registered protocol family 1
[    2.580000] ROMFS MTD (C) 2007 Red Hat, Inc.
[    2.660000] io scheduler noop registered (default)
[    2.990000] Console: switching to colour frame buffer device 40x30
[    3.200000] dk3750_fb 84000000.framebuffer: fb0: dk3750_fb registered!
[    3.220000] 4000e400.uart: ttyefm4 at MMIO 0x4000e400 (irq = 24, base_baud = 0) is a efm32-uart
[    3.230000] console [ttyefm4] enabled, bootconsole disabled
[    3.230000] console [ttyefm4] enabled, bootconsole disabled
[    3.270000] EFM32 UART/USART driver
[    3.340000] uclinux[mtd]: probe address=0x18400000 size=0x46000
[    3.360000] Creating 1 MTD partitions on "rom":
[    3.370000] 0x000000000000-0x000000046000 : "ROMfs"
[    3.500000] mousedev: PS/2 mouse device common for all mice
[    3.530000] i2c /dev entries driver
[    3.640000] at24 0-0050: 256 byte 24c02 EEPROM, writable, 16 bytes/write
[    3.690000] lm75 0-0048: hwmon1: sensor 'stds75'
[    3.740000] TCP: cubic registered
[    3.750000] NET: Registered protocol family 17
[    4.000000] VFS: Mounted root (romfs filesystem) readonly on device 31:0.
[    4.010000] devtmpfs: mounted
[    4.020000] Freeing unused kernel memory: 24K (1600a000 - 16010000)
 _____                            __  __ _                
| ____|_ __   ___ _ __ __ _ _   _|  `/  (_) ___ _ __ ___  
|  _| | '_ ` / _ ` '__/ _` | | | | |`/| | |/ __| '__/ _ ` 
| |___| | | |  __/ | | (_| | |_| | |  | | | (__| | | (_) |
|_____|_| |_|`___|_|  `__, |`__, |_|  |_|_|`___|_|  `___/ 
                      |___/ |___/                         



OSELAS(R)-Gecko-2012.10.0+ / energymicro-efm32gg-dk3750-2012.10.0+
ptxdist-2013.07.1/2019-11-19T16:45:31+0000

/ # Gecko
[    0.000000] Booting Linux on physical CPU 0x0
[    0.000000] Linux version 3.12.0-rc4 (non-root@76523091abb7) (gcc version 4.7.2 (OSELAS.Toolchain-2012.12.0) ) #1 PREEMPT Thu Nov 21 21:47:41 UTC 2019
[    0.000000] CPU: ARMv7-M [412fc231] revision 1 (ARMv7M), cr=00000000
[    0.000000] CPU: unknown data cache, unknown instruction cache
[    0.000000] Machine: EFM32 (Device Tree Support), model: Energy Micro Giant Gecko Development Kit
[    0.000000] debug: ignoring loglevel setting.
[    0.000000] bootconsole [earlycon0] enabled
[    0.000000] On node 0 totalpages: 986
[    0.000000] free_area_init_node: node 0, pgdat 16027d10, node_mem_map 16000000
[    0.000000]   Normal zone: 8 pages used for memmap
[    0.000000]   Normal zone: 0 pages reserved
[    0.000000]   Normal zone: 986 pages, LIFO batch:0
[    0.000000] pcpu-alloc: s0 r0 d32768 u32768 alloc=1*32768
[    0.000000] pcpu-alloc: [0] 0 
[    0.000000] Built 1 zonelists in Zone order, mobility grouping off.  Total pages: 978
[    0.000000] Kernel command line: console=ttyefm4,115200 init=/linuxrc ignore_loglevel ihash_entries=64 dhash_entries=64 earlyprintk uclinux.physaddr=0x18400000 root=/dev/mtdblock0
[    0.000000] PID hash table entries: 16 (order: -6, 64 bytes)
[    0.000000] Dentry cache hash table entries: 64 (order: -4, 256 bytes)
[    0.000000] Inode-cache hash table entries: 64 (order: -4, 256 bytes)
[    0.000000] Memory: 3684K/3944K available (1287K kernel code, 104K rwdata, 596K rodata, 66K init, 51K bss, 260K reserved)
[    0.000000] Virtual kernel memory layout:
[    0.000000]     vector  : 0x00000000 - 0x00001000   (   4 kB)
[    0.000000]     fixmap  : 0xfff00000 - 0xfffe0000   ( 896 kB)
[    0.000000]     vmalloc : 0x00000000 - 0xffffffff   (4095 MB)
[    0.000000]     lowmem  : 0x16000000 - 0x163da000   (   3 MB)
[    0.000000]     modules : 0x16000000 - 0x163da000   (   3 MB)
[    0.000000]       .text : 0x18000000 - 0x181d6d44   (1884 kB)
[    0.000000]       .init : 0x1600a000 - 0x16010000   (  24 kB)
[    0.000000]       .data : 0x16008000 - 0x16028360   ( 129 kB)
[    0.000000]        .bss : 0x1602836c - 0x16034f74   (  52 kB)
[    0.000000] SLUB: HWalign=32, Order=0-3, MinObjects=0, CPUs=1, Nodes=1
[    0.000000] Preemptible hierarchical RCU implementation.
[    0.000000] NR_IRQS:16 nr_irqs:16 16
[    0.000000] sched_clock: 32 bits at 100 Hz, resolution 10000000ns, wraps every 4294967286ms
[    0.000000] Console: colour dummy device 80x30
[    0.020000] Calibrating delay loop... 30.72 BogoMIPS (lpj=153600)
[    0.110000] pid_max: default: 4096 minimum: 301
[    0.120000] Mount-cache hash table entries: 512
Gecko
[    0.000000] Booting Linux on physical CPU 0x0
[    0.000000] Linux version 3.12.0-rc4 (non-root@76523091abb7) (gcc version 4.7.2 (OSELAS.Toolchain-2012.12.0) ) #1 PREEMPT Thu Nov 21 21:47:41 UTC 2019
[    0.000000] CPU: ARMv7-M [412fc231] revision 1 (ARMv7M), cr=00000000
[    0.000000] CPU: unknown data cache, unknown instruction cache
[    0.000000] Machine: EFM32 (Device Tree Support), model: Energy Micro Giant Gecko Development Kit
[    0.000000] debug: ignoring loglevel setting.
[    0.000000] bootconsole [earlycon0] enabled
[    0.000000] On node 0 totalpages: 986
[    0.000000] free_area_init_node: node 0, pgdat 16027d10, node_mem_map 16000000
[    0.000000]   Normal zone: 8 pages used for memmap
[    0.000000]   Normal zone: 0 pages reserved
[    0.000000]   Normal zone: 986 pages, LIFO batch:0
[    0.000000] pcpu-alloc: s0 r0 d32768 u32768 alloc=1*32768
[    0.000000] pcpu-alloc: [0] 0 
[    0.000000] Built 1 zonelists in Zone order, mobility grouping off.  Total pages: 978
[    0.000000] Kernel command line: console=ttyefm4,115200 init=/linuxrc ignore_loglevel ihash_entries=64 dhash_entries=64 earlyprintk uclinux.physaddr=0x18400000 root=/dev/mtdblock0
[    0.000000] PID hash table entries: 16 (order: -6, 64 bytes)
[    0.000000] Dentry cache hash table entries: 64 (order: -4, 256 bytes)
[    0.000000] Inode-cache hash table entries: 64 (order: -4, 256 bytes)
[    0.000000] Memory: 3684K/3944K available (1287K kernel code, 104K rwdata, 596K rodata, 66K init, 51K bss, 260K reserved)
[    0.000000] Virtual kernel memory layout:
[    0.000000]     vector  : 0x00000000 - 0x00001000   (   4 kB)
[    0.000000]     fixmap  : 0xfff00000 - 0xfffe0000   ( 896 kB)
[    0.000000]     vmalloc : 0x00000000 - 0xffffffff   (4095 MB)
[    0.000000]     lowmem  : 0x16000000 - 0x163da000   (   3 MB)
[    0.000000]     modules : 0x16000000 - 0x163da000   (   3 MB)
[    0.000000]       .text : 0x18000000 - 0x181d6d44   (1884 kB)
[    0.000000]       .init : 0x1600a000 - 0x16010000   (  24 kB)
[    0.000000]       .data : 0x16008000 - 0x16028360   ( 129 kB)
[    0.000000]        .bss : 0x1602836c - 0x16034f74   (  52 kB)
[    0.000000] SLUB: HWalign=32, Order=0-3, MinObjects=0, CPUs=1, Nodes=1
[    0.000000] Preemptible hierarchical RCU implementation.
[    0.000000] NR_IRQS:16 nr_irqs:16 16
[    0.000000] sched_clock: 32 bits at 100 Hz, resolution 10000000ns, wraps every 4294967286ms
[    0.000000] Console: colour dummy device 80x30
[    0.020000] Calibrating delay loop... 30.72 BogoMIPS (lpj=153600)
[    0.110000] pid_max: default: 4096 minimum: 301
[    0.120000] Mount-cache hash table entries: 512
[    0.360000] devtmpfs: initialized
[    0.430000] NET: Registered protocol family 16
[    0.640000] Reset Cause: 0x0000006c
[    0.640000]  `-> An external reset has been applied.
[    0.650000] Energy Micro Giant Gecko, EFM32GG990F1024 (rev 1D, prodrev 20), 128 kB RAM
[    0.660000] Missing cpus node, bailing out
[    0.950000] bio: create slab <bio-0> at 0
[    1.060000] Switched to clocksource efm32 timer
[    1.850000] NET: Registered protocol family 2
[    1.910000] TCP established hash table entries: 512 (order: 0, 4096 bytes)
[    1.930000] TCP bind hash table entries: 512 (order: -1, 2048 bytes)
[    1.940000] TCP: Hash tables configured (established 512 bind 512)
[    1.950000] TCP: reno registered
[    1.950000] UDP hash table entries: 256 (order: 0, 4096 bytes)
[    1.960000] UDP-Lite hash table entries: 256 (order: 0, 4096 bytes)
[    1.990000] NET: Registered protocol family 1
[    2.580000] ROMFS MTD (C) 2007 Red Hat, Inc.
[    2.660000] io scheduler noop registered (default)
[    2.990000] Console: switching to colour frame buffer device 40x30
[    3.200000] dk3750_fb 84000000.framebuffer: fb0: dk3750_fb registered!
[    3.220000] 4000e400.uart: ttyefm4 at MMIO 0x4000e400 (irq = 24, base_baud = 0) is a efm32-uart
[    3.230000] console [ttyefm4] enabled, bootconsole disabled
[    3.230000] console [ttyefm4] enabled, bootconsole disabled
[    3.270000] EFM32 UART/USART driver
[    3.340000] uclinux[mtd]: probe address=0x18400000 size=0x49000
[    3.360000] Creating 1 MTD partitions on "rom":
[    3.370000] 0x000000000000-0x000000049000 : "ROMfs"
[    3.500000] mousedev: PS/2 mouse device common for all mice
[    3.530000] i2c /dev entries driver
[    3.640000] at24 0-0050: 256 byte 24c02 EEPROM, writable, 16 bytes/write
[    3.690000] lm75 0-0048: hwmon1: sensor 'stds75'
[    3.740000] TCP: cubic registered
[    3.750000] NET: Registered protocol family 17
[    4.000000] VFS: Mounted root (romfs filesystem) readonly on device 31:0.
[    4.010000] devtmpfs: mounted
[    4.020000] Freeing unused kernel memory: 24K (1600a000 - 16010000)
 _____                            __  __ _                
| ____|_ __   ___ _ __ __ _ _   _|  `/  (_) ___ _ __ ___  
|  _| | '_ ` / _ ` '__/ _` | | | | |`/| | |/ __| '__/ _ ` 
| |___| | | |  __/ | | (_| | |_| | |  | | | (__| | | (_) |
|_____|_| |_|`___|_|  `__, |`__, |_|  |_|_|`___|_|  `___/ 
                      |___/ |___/                         



OSELAS(R)-Gecko-2012.10.0+ / energymicro-efm32gg-dk3750-2012.10.0+
ptxdist-2013.07.1/2019-11-19T16:45:31+0000

/ # Gecko
[    0.000000] Booting Linux on physical CPU 0x0
[    0.000000] Linux version 3.12.0-rc4 (non-root@76523091abb7) (gcc version 4.7.2 (OSELAS.Toolchain-2012.12.0) ) #1 PREEMPT Thu Nov 21 21:47:41 UTC 2019
[    0.000000] CPU: ARMv7-M [412fc231] revision 1 (ARMv7M), cr=00000000
[    0.000000] CPU: unknown data cache, unknown instruction cache
[    0.000000] Machine: EFM32 (Device Tree Support), model: Energy Micro Giant Gecko Development Kit
[    0.000000] debug: ignoring loglevel setting.
[    0.000000] bootconsole [earlycon0] enabled
[    0.000000] On node 0 totalpages: 986
[    0.000000] free_area_init_node: node 0, pgdat 16027d10, node_mem_map 16000000
[    0.000000]   Normal zone: 8 pages used for memmap
[    0.000000]   Normal zone: 0 pages reserved
[    0.000000]   Normal zone: 986 pages, LIFO batch:0
[    0.000000] pcpu-alloc: s0 r0 d32768 u32768 alloc=1*32768
[    0.000000] pcpu-alloc: [0] 0 
[    0.000000] Built 1 zonelists in Zone order, mobility grouping off.  Total pages: 978
[    0.000000] Kernel command line: console=ttyefm4,115200 init=/linuxrc ignore_loglevel ihash_entries=64 dhash_entries=64 earlyprintk uclinux.physaddr=0x18400000 root=/dev/mtdblock0
[    0.000000] PID hash table entries: 16 (order: -6, 64 bytes)
[    0.000000] Dentry cache hash table entries: 64 (order: -4, 256 bytes)
[    0.000000] Inode-cache hash table entries: 64 (order: -4, 256 bytes)
[    0.000000] Memory: 3684K/3944K available (1287K kernel code, 104K rwdata, 596K rodata, 66K init, 51K bss, 260K reserved)
[    0.000000] Virtual kernel memory layout:
[    0.000000]     vector  : 0x00000000 - 0x00001000   (   4 kB)
[    0.000000]     fixmap  : 0xfff00000 - 0xfffe0000   ( 896 kB)
[    0.000000]     vmalloc : 0x00000000 - 0xffffffff   (4095 MB)
[    0.000000]     lowmem  : 0x16000000 - 0x163da000   (   3 MB)
[    0.000000]     modules : 0x16000000 - 0x163da000   (   3 MB)
[    0.000000]       .text : 0x18000000 - 0x181d6d44   (1884 kB)
[    0.000000]       .init : 0x1600a000 - 0x16010000   (  24 kB)
[    0.000000]       .data : 0x16008000 - 0x16028360   ( 129 kB)
[    0.000000]        .bss : 0x1602836c - 0x16034f74   (  52 kB)
[    0.000000] SLUB: HWalign=32, Order=0-3, MinObjects=0, CPUs=1, Nodes=1
[    0.000000] Preemptible hierarchical RCU implementation.
[    0.000000] NR_IRQS:16 nr_irqs:16 16
[    0.000000] sched_clock: 32 bits at 100 Hz, resolution 10000000ns, wraps every 4294967286ms
[    0.000000] Console: colour dummy device 80x30
[    0.020000] Calibrating delay loop... 30.72 BogoMIPS (lpj=153600)
[    0.110000] pid_max: default: 4096 minimum: 301
[    0.120000] Mount-cache hash table entries: 512
Gecko
[    0.000000] Booting Linux on physical CPU 0x0
[    0.000000] Linux version 3.12.0-rc4 (non-root@76523091abb7) (gcc version 4.7.2 (OSELAS.Toolchain-2012.12.0) ) #1 PREEMPT Thu Nov 21 21:47:41 UTC 2019
[    0.000000] CPU: ARMv7-M [412fc231] revision 1 (ARMv7M), cr=00000000
[    0.000000] CPU: unknown data cache, unknown instruction cache
[    0.000000] Machine: EFM32 (Device Tree Support), model: Energy Micro Giant Gecko Development Kit
[    0.000000] debug: ignoring loglevel setting.
[    0.000000] bootconsole [earlycon0] enabled
[    0.000000] On node 0 totalpages: 986
[    0.000000] free_area_init_node: node 0, pgdat 16027d10, node_mem_map 16000000
[    0.000000]   Normal zone: 8 pages used for memmap
[    0.000000]   Normal zone: 0 pages reserved
[    0.000000]   Normal zone: 986 pages, LIFO batch:0
[    0.000000] pcpu-alloc: s0 r0 d32768 u32768 alloc=1*32768
[    0.000000] pcpu-alloc: [0] 0 
[    0.000000] Built 1 zonelists in Zone order, mobility grouping off.  Total pages: 978
[    0.000000] Kernel command line: console=ttyefm4,115200 init=/linuxrc ignore_loglevel ihash_entries=64 dhash_entries=64 earlyprintk uclinux.physaddr=0x18400000 root=/dev/mtdblock0
[    0.000000] PID hash table entries: 16 (order: -6, 64 bytes)
[    0.000000] Dentry cache hash table entries: 64 (order: -4, 256 bytes)
[    0.000000] Inode-cache hash table entries: 64 (order: -4, 256 bytes)
[    0.000000] Memory: 3684K/3944K available (1287K kernel code, 104K rwdata, 596K rodata, 66K init, 51K bss, 260K reserved)
[    0.000000] Virtual kernel memory layout:
[    0.000000]     vector  : 0x00000000 - 0x00001000   (   4 kB)
[    0.000000]     fixmap  : 0xfff00000 - 0xfffe0000   ( 896 kB)
[    0.000000]     vmalloc : 0x00000000 - 0xffffffff   (4095 MB)
[    0.000000]     lowmem  : 0x16000000 - 0x163da000   (   3 MB)
[    0.000000]     modules : 0x16000000 - 0x163da000   (   3 MB)
[    0.000000]       .text : 0x18000000 - 0x181d6d44   (1884 kB)
[    0.000000]       .init : 0x1600a000 - 0x16010000   (  24 kB)
[    0.000000]       .data : 0x16008000 - 0x16028360   ( 129 kB)
[    0.000000]        .bss : 0x1602836c - 0x16034f74   (  52 kB)
[    0.000000] SLUB: HWalign=32, Order=0-3, MinObjects=0, CPUs=1, Nodes=1
[    0.000000] Preemptible hierarchical RCU implementation.
[    0.000000] NR_IRQS:16 nr_irqs:16 16
[    0.000000] sched_clock: 32 bits at 100 Hz, resolution 10000000ns, wraps every 4294967286ms
[    0.000000] Console: colour dummy device 80x30
[    0.020000] Calibrating delay loop... 30.72 BogoMIPS (lpj=153600)
[    0.110000] pid_max: default: 4096 minimum: 301
[    0.120000] Mount-cache hash table entries: 512
[    0.360000] devtmpfs: initialized
[    0.430000] NET: Registered protocol family 16
[    0.640000] Reset Cause: 0x0000006c
[    0.640000]  `-> An external reset has been applied.
[    0.650000] Energy Micro Giant Gecko, EFM32GG990F1024 (rev 1D, prodrev 20), 128 kB RAM
[    0.660000] Missing cpus node, bailing out
[    0.950000] bio: create slab <bio-0> at 0
[    1.060000] Switched to clocksource efm32 timer
[    1.850000] NET: Registered protocol family 2
[    1.910000] TCP established hash table entries: 512 (order: 0, 4096 bytes)
[    1.930000] TCP bind hash table entries: 512 (order: -1, 2048 bytes)
[    1.940000] TCP: Hash tables configured (established 512 bind 512)
[    1.950000] TCP: reno registered
[    1.950000] UDP hash table entries: 256 (order: 0, 4096 bytes)
[    1.960000] UDP-Lite hash table entries: 256 (order: 0, 4096 bytes)
[    1.990000] NET: Registered protocol family 1
[    2.580000] ROMFS MTD (C) 2007 Red Hat, Inc.
[    2.660000] io scheduler noop registered (default)
[    2.990000] Console: switching to colour frame buffer device 40x30
[    3.200000] dk3750_fb 84000000.framebuffer: fb0: dk3750_fb registered!
[    3.220000] 4000e400.uart: ttyefm4 at MMIO 0x4000e400 (irq = 24, base_baud = 0) is a efm32-uart
[    3.230000] console [ttyefm4] enabled, bootconsole disabled
[    3.230000] console [ttyefm4] enabled, bootconsole disabled
[    3.270000] EFM32 UART/USART driver
[    3.340000] uclinux[mtd]: probe address=0x18400000 size=0x47000
[    3.360000] Creating 1 MTD partitions on "rom":
[    3.370000] 0x000000000000-0x000000047000 : "ROMfs"
[    3.500000] mousedev: PS/2 mouse device common for all mice
[    3.530000] i2c /dev entries driver
[    3.640000] at24 0-0050: 256 byte 24c02 EEPROM, writable, 16 bytes/write
[    3.690000] lm75 0-0048: hwmon1: sensor 'stds75'
[    3.740000] TCP: cubic registered
[    3.750000] NET: Registered protocol family 17
[    4.000000] VFS: Mounted root (romfs filesystem) readonly on device 31:0.
[    4.010000] devtmpfs: mounted
[    4.020000] Freeing unused kernel memory: 24K (1600a000 - 16010000)
 _____                            __  __ _                
| ____|_ __   ___ _ __ __ _ _   _|  `/  (_) ___ _ __ ___  
|  _| | '_ ` / _ ` '__/ _` | | | | |`/| | |/ __| '__/ _ ` 
| |___| | | |  __/ | | (_| | |_| | |  | | | (__| | | (_) |
|_____|_| |_|`___|_|  `__, |`__, |_|  |_|_|`___|_|  `___/ 
                      |___/ |___/                         



OSELAS(R)-Gecko-2012.10.0+ / energymicro-efm32gg-dk3750-2012.10.0+
ptxdist-2013.07.1/2019-11-19T16:45:31+0000

/ # Gecko
[    0.000000] Booting Linux on physical CPU 0x0
[    0.000000] Linux version 3.12.0-rc4 (non-root@76523091abb7) (gcc version 4.7.2 (OSELAS.Toolchain-2012.12.0) ) #1 PREEMPT Thu Nov 21 21:47:41 UTC 2019
[    0.000000] CPU: ARMv7-M [412fc231] revision 1 (ARMv7M), cr=00000000
[    0.000000] CPU: unknown data cache, unknown instruction cache
[    0.000000] Machine: EFM32 (Device Tree Support), model: Energy Micro Giant Gecko Development Kit
[    0.000000] debug: ignoring loglevel setting.
[    0.000000] bootconsole [earlycon0] enabled
[    0.000000] On node 0 totalpages: 986
[    0.000000] free_area_init_node: node 0, pgdat 16027d10, node_mem_map 16000000
[    0.000000]   Normal zone: 8 pages used for memmap
[    0.000000]   Normal zone: 0 pages reserved
[    0.000000]   Normal zone: 986 pages, LIFO batch:0
[    0.000000] pcpu-alloc: s0 r0 d32768 u32768 alloc=1*32768
[    0.000000] pcpu-alloc: [0] 0 
[    0.000000] Built 1 zonelists in Zone order, mobility grouping off.  Total pages: 978
[    0.000000] Kernel command line: console=ttyefm4,115200 init=/linuxrc ignore_loglevel ihash_entries=64 dhash_entries=64 earlyprintk uclinux.physaddr=0x18400000 root=/dev/mtdblock0
[    0.000000] PID hash table entries: 16 (order: -6, 64 bytes)
[    0.000000] Dentry cache hash table entries: 64 (order: -4, 256 bytes)
[    0.000000] Inode-cache hash table entries: 64 (order: -4, 256 bytes)
[    0.000000] Memory: 3684K/3944K available (1287K kernel code, 104K rwdata, 596K rodata, 66K init, 51K bss, 260K reserved)
[    0.000000] Virtual kernel memory layout:
[    0.000000]     vector  : 0x00000000 - 0x00001000   (   4 kB)
[    0.000000]     fixmap  : 0xfff00000 - 0xfffe0000   ( 896 kB)
[    0.000000]     vmalloc : 0x00000000 - 0xffffffff   (4095 MB)
[    0.000000]     lowmem  : 0x16000000 - 0x163da000   (   3 MB)
[    0.000000]     modules : 0x16000000 - 0x163da000   (   3 MB)
[    0.000000]       .text : 0x18000000 - 0x181d6d44   (1884 kB)
[    0.000000]       .init : 0x1600a000 - 0x16010000   (  24 kB)
[    0.000000]       .data : 0x16008000 - 0x16028360   ( 129 kB)
[    0.000000]        .bss : 0x1602836c - 0x16034f74   (  52 kB)
[    0.000000] SLUB: HWalign=32, Order=0-3, MinObjects=0, CPUs=1, Nodes=1
[    0.000000] Preemptible hierarchical RCU implementation.
[    0.000000] NR_IRQS:16 nr_irqs:16 16
[    0.000000] sched_clock: 32 bits at 100 Hz, resolution 10000000ns, wraps every 4294967286ms
[    0.000000] Console: colour dummy device 80x30
[    0.020000] Calibrating delay loop... 30.72 BogoMIPS (lpj=153600)
[    0.110000] pid_max: default: 4096 minimum: 301
[    0.120000] Mount-cache hash table entries: 512
Gecko
[    0.000000] Booting Linux on physical CPU 0x0
[    0.000000] Linux version 3.12.0-rc4 (non-root@76523091abb7) (gcc version 4.7.2 (OSELAS.Toolchain-2012.12.0) ) #1 PREEMPT Thu Nov 21 21:47:41 UTC 2019
[    0.000000] CPU: ARMv7-M [412fc231] revision 1 (ARMv7M), cr=00000000
[    0.000000] CPU: unknown data cache, unknown instruction cache
[    0.000000] Machine: EFM32 (Device Tree Support), model: Energy Micro Giant Gecko Development Kit
[    0.000000] debug: ignoring loglevel setting.
[    0.000000] bootconsole [earlycon0] enabled
[    0.000000] On node 0 totalpages: 986
[    0.000000] free_area_init_node: node 0, pgdat 16027d10, node_mem_map 16000000
[    0.000000]   Normal zone: 8 pages used for memmap
[    0.000000]   Normal zone: 0 pages reserved
[    0.000000]   Normal zone: 986 pages, LIFO batch:0
[    0.000000] pcpu-alloc: s0 r0 d32768 u32768 alloc=1*32768
[    0.000000] pcpu-alloc: [0] 0 
[    0.000000] Built 1 zonelists in Zone order, mobility grouping off.  Total pages: 978
[    0.000000] Kernel command line: console=ttyefm4,115200 init=/linuxrc ignore_loglevel ihash_entries=64 dhash_entries=64 earlyprintk uclinux.physaddr=0x18400000 root=/dev/mtdblock0
[    0.000000] PID hash table entries: 16 (order: -6, 64 bytes)
[    0.000000] Dentry cache hash table entries: 64 (order: -4, 256 bytes)
[    0.000000] Inode-cache hash table entries: 64 (order: -4, 256 bytes)
[    0.000000] Memory: 3684K/3944K available (1287K kernel code, 104K rwdata, 596K rodata, 66K init, 51K bss, 260K reserved)
[    0.000000] Virtual kernel memory layout:
[    0.000000]     vector  : 0x00000000 - 0x00001000   (   4 kB)
[    0.000000]     fixmap  : 0xfff00000 - 0xfffe0000   ( 896 kB)
[    0.000000]     vmalloc : 0x00000000 - 0xffffffff   (4095 MB)
[    0.000000]     lowmem  : 0x16000000 - 0x163da000   (   3 MB)
[    0.000000]     modules : 0x16000000 - 0x163da000   (   3 MB)
[    0.000000]       .text : 0x18000000 - 0x181d6d44   (1884 kB)
[    0.000000]       .init : 0x1600a000 - 0x16010000   (  24 kB)
[    0.000000]       .data : 0x16008000 - 0x16028360   ( 129 kB)
[    0.000000]        .bss : 0x1602836c - 0x16034f74   (  52 kB)
[    0.000000] SLUB: HWalign=32, Order=0-3, MinObjects=0, CPUs=1, Nodes=1
[    0.000000] Preemptible hierarchical RCU implementation.
[    0.000000] NR_IRQS:16 nr_irqs:16 16
[    0.000000] sched_clock: 32 bits at 100 Hz, resolution 10000000ns, wraps every 4294967286ms
[    0.000000] Console: colour dummy device 80x30
[    0.020000] Calibrating delay loop... 30.72 BogoMIPS (lpj=153600)
[    0.110000] pid_max: default: 4096 minimum: 301
[    0.120000] Mount-cache hash table entries: 512
[    0.360000] devtmpfs: initialized
[    0.430000] NET: Registered protocol family 16
[    0.640000] Reset Cause: 0x0000006c
[    0.640000]  `-> An external reset has been applied.
[    0.650000] Energy Micro Giant Gecko, EFM32GG990F1024 (rev 1D, prodrev 20), 128 kB RAM
[    0.660000] Missing cpus node, bailing out
[    0.950000] bio: create slab <bio-0> at 0
[    1.060000] Switched to clocksource efm32 timer
[    1.850000] NET: Registered protocol family 2
[    1.910000] TCP established hash table entries: 512 (order: 0, 4096 bytes)
[    1.930000] TCP bind hash table entries: 512 (order: -1, 2048 bytes)
[    1.940000] TCP: Hash tables configured (established 512 bind 512)
[    1.950000] TCP: reno registered
[    1.950000] UDP hash table entries: 256 (order: 0, 4096 bytes)
[    1.960000] UDP-Lite hash table entries: 256 (order: 0, 4096 bytes)
[    1.990000] NET: Registered protocol family 1
[    2.580000] ROMFS MTD (C) 2007 Red Hat, Inc.
[    2.660000] io scheduler noop registered (default)
[    2.990000] Console: switching to colour frame buffer device 40x30
[    3.200000] dk3750_fb 84000000.framebuffer: fb0: dk3750_fb registered!
[    3.220000] 4000e400.uart: ttyefm4 at MMIO 0x4000e400 (irq = 24, base_baud = 0) is a efm32-uart
[    3.230000] console [ttyefm4] enabled, bootconsole disabled
[    3.230000] console [ttyefm4] enabled, bootconsole disabled
[    3.270000] EFM32 UART/USART driver
[    3.340000] uclinux[mtd]: probe address=0x18400000 size=0x4a000
[    3.360000] Creating 1 MTD partitions on "rom":
[    3.370000] 0x000000000000-0x00000004a000 : "ROMfs"
[    3.500000] mousedev: PS/2 mouse device common for all mice
[    3.530000] i2c /dev entries driver
[    3.640000] at24 0-0050: 256 byte 24c02 EEPROM, writable, 16 bytes/write
[    3.690000] lm75 0-0048: hwmon1: sensor 'stds75'
[    3.740000] TCP: cubic registered
[    3.750000] NET: Registered protocol family 17
[    4.000000] VFS: Mounted root (romfs filesystem) readonly on device 31:0.
[    4.010000] devtmpfs: mounted
[    4.020000] Freeing unused kernel memory: 24K (1600a000 - 16010000)
 _____                            __  __ _                
| ____|_ __   ___ _ __ __ _ _   _|  `/  (_) ___ _ __ ___  
|  _| | '_ ` / _ ` '__/ _` | | | | |`/| | |/ __| '__/ _ ` 
| |___| | | |  __/ | | (_| | |_| | |  | | | (__| | | (_) |
|_____|_| |_|`___|_|  `__, |`__, |_|  |_|_|`___|_|  `___/ 
                      |___/ |___/                         



OSELAS(R)-Gecko-2012.10.0+ / energymicro-efm32gg-dk3750-2012.10.0+
ptxdist-2013.07.1/2019-11-19T16:45:31+0000

/ # modprobe driver-gamepad
[   29.330000] Initializing gamepad driver
[   29.340000] platform driver my_probe running
[   29.350000] start addr1073766400
[   29.350000] end addr1073766911
[   29.360000] Allocating memory region for GPIO
[   29.360000] Initializing io memory remap for GPIO
[   29.370000] Getting device number
[   29.380000] Initializing as char driver
[   29.380000] Making driver visible to user space
[   29.400000] Setting up GPIO, using port C offset 72
[   29.410000] Writing to gpio to enable buttons. Using GPIO mode low offset 4 
[   29.420000] Setting internal pull up resistors with GPIO dout offset 12
[   29.430000] Enabling interrupt for even GPIO irq number 17
[   29.440000] Enabling interrupt for GPIO irq number 18
[   29.450000] Setting gpio extipsell
[   29.450000] Setting gpio extirise
[   29.460000] Setting gpio extifall
[   29.460000] Setting gpio IEN
[   29.480000] platform driver registered
[   29.490000] platform driver my_probe running
[   29.500000] start addr268566528
[   29.500000] end addr71
[   29.510000] Allocating memory region for GPIO
[   29.510000] An error occured! Could not reserve memory region for GPIO
[   29.520000] my: probe of my failed with error 1
/ # 
/ # Gecko
[    0.000000] Booting Linux on physical CPU 0x0
[    0.000000] Linux version 3.12.0-rc4 (non-root@76523091abb7) (gcc version 4.7.2 (OSELAS.Toolchain-2012.12.0) ) #1 PREEMPT Thu Nov 21 21:47:41 UTC 2019
[    0.000000] CPU: ARMv7-M [412fc231] revision 1 (ARMv7M), cr=00000000
[    0.000000] CPU: unknown data cache, unknown instruction cache
[    0.000000] Machine: EFM32 (Device Tree Support), model: Energy Micro Giant Gecko Development Kit
[    0.000000] debug: ignoring loglevel setting.
[    0.000000] bootconsole [earlycon0] enabled
[    0.000000] On node 0 totalpages: 986
[    0.000000] free_area_init_node: node 0, pgdat 16027d10, node_mem_map 16000000
[    0.000000]   Normal zone: 8 pages used for memmap
[    0.000000]   Normal zone: 0 pages reserved
[    0.000000]   Normal zone: 986 pages, LIFO batch:0
[    0.000000] pcpu-alloc: s0 r0 d32768 u32768 alloc=1*32768
[    0.000000] pcpu-alloc: [0] 0 
[    0.000000] Built 1 zonelists in Zone order, mobility grouping off.  Total pages: 978
[    0.000000] Kernel command line: console=ttyefm4,115200 init=/linuxrc ignore_loglevel ihash_entries=64 dhash_entries=64 earlyprintk uclinux.physaddr=0x18400000 root=/dev/mtdblock0
[    0.000000] PID hash table entries: 16 (order: -6, 64 bytes)
[    0.000000] Dentry cache hash table entries: 64 (order: -4, 256 bytes)
[    0.000000] Inode-cache hash table entries: 64 (order: -4, 256 bytes)
[    0.000000] Memory: 3684K/3944K available (1287K kernel code, 104K rwdata, 596K rodata, 66K init, 51K bss, 260K reserved)
[    0.000000] Virtual kernel memory layout:
[    0.000000]     vector  : 0x00000000 - 0x00001000   (   4 kB)
[    0.000000]     fixmap  : 0xfff00000 - 0xfffe0000   ( 896 kB)
[    0.000000]     vmalloc : 0x00000000 - 0xffffffff   (4095 MB)
[    0.000000]     lowmem  : 0x16000000 - 0x163da000   (   3 MB)
[    0.000000]     modules : 0x16000000 - 0x163da000   (   3 MB)
[    0.000000]       .text : 0x18000000 - 0x181d6d44   (1884 kB)
[    0.000000]       .init : 0x1600a000 - 0x16010000   (  24 kB)
[    0.000000]       .data : 0x16008000 - 0x16028360   ( 129 kB)
[    0.000000]        .bss : 0x1602836c - 0x16034f74   (  52 kB)
[    0.000000] SLUB: HWalign=32, Order=0-3, MinObjects=0, CPUs=1, Nodes=1
[    0.000000] Preemptible hierarchical RCU implementation.
[    0.000000] NR_IRQS:16 nr_irqs:16 16
[    0.000000] sched_clock: 32 bits at 100 Hz, resolution 10000000ns, wraps every 4294967286ms
[    0.000000] Console: colour dummy device 80x30
[    0.020000] Calibrating delay loop... 30.72 BogoMIPS (lpj=153600)
[    0.110000] pid_max: default: 4096 minimum: 301
[    0.120000] Mount-cache hash table entries: 512
Gecko
[    0.000000] Booting Linux on physical CPU 0x0
[    0.000000] Linux version 3.12.0-rc4 (non-root@76523091abb7) (gcc version 4.7.2 (OSELAS.Toolchain-2012.12.0) ) #1 PREEMPT Thu Nov 21 21:47:41 UTC 2019
[    0.000000] CPU: ARMv7-M [412fc231] revision 1 (ARMv7M), cr=00000000
[    0.000000] CPU: unknown data cache, unknown instruction cache
[    0.000000] Machine: EFM32 (Device Tree Support), model: Energy Micro Giant Gecko Development Kit
[    0.000000] debug: ignoring loglevel setting.
[    0.000000] bootconsole [earlycon0] enabled
[    0.000000] On node 0 totalpages: 986
[    0.000000] free_area_init_node: node 0, pgdat 16027d10, node_mem_map 16000000
[    0.000000]   Normal zone: 8 pages used for memmap
[    0.000000]   Normal zone: 0 pages reserved
[    0.000000]   Normal zone: 986 pages, LIFO batch:0
[    0.000000] pcpu-alloc: s0 r0 d32768 u32768 alloc=1*32768
[    0.000000] pcpu-alloc: [0] 0 
[    0.000000] Built 1 zonelists in Zone order, mobility grouping off.  Total pages: 978
[    0.000000] Kernel command line: console=ttyefm4,115200 init=/linuxrc ignore_loglevel ihash_entries=64 dhash_entries=64 earlyprintk uclinux.physaddr=0x18400000 root=/dev/mtdblock0
[    0.000000] PID hash table entries: 16 (order: -6, 64 bytes)
[    0.000000] Dentry cache hash table entries: 64 (order: -4, 256 bytes)
[    0.000000] Inode-cache hash table entries: 64 (order: -4, 256 bytes)
[    0.000000] Memory: 3684K/3944K available (1287K kernel code, 104K rwdata, 596K rodata, 66K init, 51K bss, 260K reserved)
[    0.000000] Virtual kernel memory layout:
[    0.000000]     vector  : 0x00000000 - 0x00001000   (   4 kB)
[    0.000000]     fixmap  : 0xfff00000 - 0xfffe0000   ( 896 kB)
[    0.000000]     vmalloc : 0x00000000 - 0xffffffff   (4095 MB)
[    0.000000]     lowmem  : 0x16000000 - 0x163da000   (   3 MB)
[    0.000000]     modules : 0x16000000 - 0x163da000   (   3 MB)
[    0.000000]       .text : 0x18000000 - 0x181d6d44   (1884 kB)
[    0.000000]       .init : 0x1600a000 - 0x16010000   (  24 kB)
[    0.000000]       .data : 0x16008000 - 0x16028360   ( 129 kB)
[    0.000000]        .bss : 0x1602836c - 0x16034f74   (  52 kB)
[    0.000000] SLUB: HWalign=32, Order=0-3, MinObjects=0, CPUs=1, Nodes=1
[    0.000000] Preemptible hierarchical RCU implementation.
[    0.000000] NR_IRQS:16 nr_irqs:16 16
[    0.000000] sched_clock: 32 bits at 100 Hz, resolution 10000000ns, wraps every 4294967286ms
[    0.000000] Console: colour dummy device 80x30
[    0.020000] Calibrating delay loop... 30.72 BogoMIPS (lpj=153600)
[    0.110000] pid_max: default: 4096 minimum: 301
[    0.120000] Mount-cache hash table entries: 512
[    0.360000] devtmpfs: initialized
[    0.430000] NET: Registered protocol family 16
[    0.640000] Reset Cause: 0x0000006c
[    0.640000]  `-> An external reset has been applied.
[    0.650000] Energy Micro Giant Gecko, EFM32GG990F1024 (rev 1D, prodrev 20), 128 kB RAM
[    0.660000] Missing cpus node, bailing out
[    0.950000] bio: create slab <bio-0> at 0
[    1.060000] Switched to clocksource efm32 timer
[    1.850000] NET: Registered protocol family 2
[    1.910000] TCP established hash table entries: 512 (order: 0, 4096 bytes)
[    1.930000] TCP bind hash table entries: 512 (order: -1, 2048 bytes)
[    1.940000] TCP: Hash tables configured (established 512 bind 512)
[    1.950000] TCP: reno registered
[    1.950000] UDP hash table entries: 256 (order: 0, 4096 bytes)
[    1.960000] UDP-Lite hash table entries: 256 (order: 0, 4096 bytes)
[    1.990000] NET: Registered protocol family 1
[    2.580000] ROMFS MTD (C) 2007 Red Hat, Inc.
[    2.660000] io scheduler noop registered (default)
[    2.990000] Console: switching to colour frame buffer device 40x30
[    3.200000] dk3750_fb 84000000.framebuffer: fb0: dk3750_fb registered!
[    3.220000] 4000e400.uart: ttyefm4 at MMIO 0x4000e400 (irq = 24, base_baud = 0) is a efm32-uart
[    3.230000] console [ttyefm4] enabled, bootconsole disabled
[    3.230000] console [ttyefm4] enabled, bootconsole disabled
[    3.270000] EFM32 UART/USART driver
[    3.340000] uclinux[mtd]: probe address=0x18400000 size=0x47000
[    3.360000] Creating 1 MTD partitions on "rom":
[    3.370000] 0x000000000000-0x000000047000 : "ROMfs"
[    3.500000] mousedev: PS/2 mouse device common for all mice
[    3.530000] i2c /dev entries driver
[    3.640000] at24 0-0050: 256 byte 24c02 EEPROM, writable, 16 bytes/write
[    3.690000] lm75 0-0048: hwmon1: sensor 'stds75'
[    3.740000] TCP: cubic registered
[    3.750000] NET: Registered protocol family 17
[    4.000000] VFS: Mounted root (romfs filesystem) readonly on device 31:0.
[    4.010000] devtmpfs: mounted
[    4.020000] Freeing unused kernel memory: 24K (1600a000 - 16010000)
 _____                            __  __ _                
| ____|_ __   ___ _ __ __ _ _   _|  `/  (_) ___ _ __ ___  
|  _| | '_ ` / _ ` '__/ _` | | | | |`/| | |/ __| '__/ _ ` 
| |___| | | |  __/ | | (_| | |_| | |  | | | (__| | | (_) |
|_____|_| |_|`___|_|  `__, |`__, |_|  |_|_|`___|_|  `___/ 
                      |___/ |___/                         



OSELAS(R)-Gecko-2012.10.0+ / energymicro-efm32gg-dk3750-2012.10.0+
ptxdist-2013.07.1/2019-11-19T16:45:31+0000

/ # driv[J[J[J[Jm[JGecko
[    0.000000] Booting Linux on physical CPU 0x0
[    0.000000] Linux version 3.12.0-rc4 (non-root@76523091abb7) (gcc version 4.7.2 (OSELAS.Toolchain-2012.12.0) ) #1 PREEMPT Thu Nov 21 21:47:41 UTC 2019
[    0.000000] CPU: ARMv7-M [412fc231] revision 1 (ARMv7M), cr=00000000
[    0.000000] CPU: unknown data cache, unknown instruction cache
[    0.000000] Machine: EFM32 (Device Tree Support), model: Energy Micro Giant Gecko Development Kit
[    0.000000] debug: ignoring loglevel setting.
[    0.000000] bootconsole [earlycon0] enabled
[    0.000000] On node 0 totalpages: 986
[    0.000000] free_area_init_node: node 0, pgdat 16027d10, node_mem_map 16000000
[    0.000000]   Normal zone: 8 pages used for memmap
[    0.000000]   Normal zone: 0 pages reserved
[    0.000000]   Normal zone: 986 pages, LIFO batch:0
[    0.000000] pcpu-alloc: s0 r0 d32768 u32768 alloc=1*32768
[    0.000000] pcpu-alloc: [0] 0 
[    0.000000] Built 1 zonelists in Zone order, mobility grouping off.  Total pages: 978
[    0.000000] Kernel command line: console=ttyefm4,115200 init=/linuxrc ignore_loglevel ihash_entries=64 dhash_entries=64 earlyprintk uclinux.physaddr=0x18400000 root=/dev/mtdblock0
[    0.000000] PID hash table entries: 16 (order: -6, 64 bytes)
[    0.000000] Dentry cache hash table entries: 64 (order: -4, 256 bytes)
[    0.000000] Inode-cache hash table entries: 64 (order: -4, 256 bytes)
[    0.000000] Memory: 3684K/3944K available (1287K kernel code, 104K rwdata, 596K rodata, 66K init, 51K bss, 260K reserved)
[    0.000000] Virtual kernel memory layout:
[    0.000000]     vector  : 0x00000000 - 0x00001000   (   4 kB)
[    0.000000]     fixmap  : 0xfff00000 - 0xfffe0000   ( 896 kB)
[    0.000000]     vmalloc : 0x00000000 - 0xffffffff   (4095 MB)
[    0.000000]     lowmem  : 0x16000000 - 0x163da000   (   3 MB)
[    0.000000]     modules : 0x16000000 - 0x163da000   (   3 MB)
[    0.000000]       .text : 0x18000000 - 0x181d6d44   (1884 kB)
[    0.000000]       .init : 0x1600a000 - 0x16010000   (  24 kB)
[    0.000000]       .data : 0x16008000 - 0x16028360   ( 129 kB)
[    0.000000]        .bss : 0x1602836c - 0x16034f74   (  52 kB)
[    0.000000] SLUB: HWalign=32, Order=0-3, MinObjects=0, CPUs=1, Nodes=1
[    0.000000] Preemptible hierarchical RCU implementation.
[    0.000000] NR_IRQS:16 nr_irqs:16 16
[    0.000000] sched_clock: 32 bits at 100 Hz, resolution 10000000ns, wraps every 4294967286ms
[    0.000000] Console: colour dummy device 80x30
[    0.020000] Calibrating delay loop... 30.72 BogoMIPS (lpj=153600)
[    0.110000] pid_max: default: 4096 minimum: 301
[    0.120000] Mount-cache hash table entries: 512
Gecko
[    0.000000] Booting Linux on physical CPU 0x0
[    0.000000] Linux version 3.12.0-rc4 (non-root@76523091abb7) (gcc version 4.7.2 (OSELAS.Toolchain-2012.12.0) ) #1 PREEMPT Thu Nov 21 21:47:41 UTC 2019
[    0.000000] CPU: ARMv7-M [412fc231] revision 1 (ARMv7M), cr=00000000
[    0.000000] CPU: unknown data cache, unknown instruction cache
[    0.000000] Machine: EFM32 (Device Tree Support), model: Energy Micro Giant Gecko Development Kit
[    0.000000] debug: ignoring loglevel setting.
[    0.000000] bootconsole [earlycon0] enabled
[    0.000000] On node 0 totalpages: 986
[    0.000000] free_area_init_node: node 0, pgdat 16027d10, node_mem_map 16000000
[    0.000000]   Normal zone: 8 pages used for memmap
[    0.000000]   Normal zone: 0 pages reserved
[    0.000000]   Normal zone: 986 pages, LIFO batch:0
[    0.000000] pcpu-alloc: s0 r0 d32768 u32768 alloc=1*32768
[    0.000000] pcpu-alloc: [0] 0 
[    0.000000] Built 1 zonelists in Zone order, mobility grouping off.  Total pages: 978
[    0.000000] Kernel command line: console=ttyefm4,115200 init=/linuxrc ignore_loglevel ihash_entries=64 dhash_entries=64 earlyprintk uclinux.physaddr=0x18400000 root=/dev/mtdblock0
[    0.000000] PID hash table entries: 16 (order: -6, 64 bytes)
[    0.000000] Dentry cache hash table entries: 64 (order: -4, 256 bytes)
[    0.000000] Inode-cache hash table entries: 64 (order: -4, 256 bytes)
[    0.000000] Memory: 3684K/3944K available (1287K kernel code, 104K rwdata, 596K rodata, 66K init, 51K bss, 260K reserved)
[    0.000000] Virtual kernel memory layout:
[    0.000000]     vector  : 0x00000000 - 0x00001000   (   4 kB)
[    0.000000]     fixmap  : 0xfff00000 - 0xfffe0000   ( 896 kB)
[    0.000000]     vmalloc : 0x00000000 - 0xffffffff   (4095 MB)
[    0.000000]     lowmem  : 0x16000000 - 0x163da000   (   3 MB)
[    0.000000]     modules : 0x16000000 - 0x163da000   (   3 MB)
[    0.000000]       .text : 0x18000000 - 0x181d6d44   (1884 kB)
[    0.000000]       .init : 0x1600a000 - 0x16010000   (  24 kB)
[    0.000000]       .data : 0x16008000 - 0x16028360   ( 129 kB)
[    0.000000]        .bss : 0x1602836c - 0x16034f74   (  52 kB)
[    0.000000] SLUB: HWalign=32, Order=0-3, MinObjects=0, CPUs=1, Nodes=1
[    0.000000] Preemptible hierarchical RCU implementation.
[    0.000000] NR_IRQS:16 nr_irqs:16 16
[    0.000000] sched_clock: 32 bits at 100 Hz, resolution 10000000ns, wraps every 4294967286ms
[    0.000000] Console: colour dummy device 80x30
[    0.020000] Calibrating delay loop... 30.72 BogoMIPS (lpj=153600)
[    0.110000] pid_max: default: 4096 minimum: 301
[    0.120000] Mount-cache hash table entries: 512
[    0.360000] devtmpfs: initialized
[    0.430000] NET: Registered protocol family 16
[    0.640000] Reset Cause: 0x0000006c
[    0.640000]  `-> An external reset has been applied.
[    0.650000] Energy Micro Giant Gecko, EFM32GG990F1024 (rev 1D, prodrev 20), 128 kB RAM
[    0.660000] Missing cpus node, bailing out
[    0.950000] bio: create slab <bio-0> at 0
[    1.060000] Switched to clocksource efm32 timer
[    1.850000] NET: Registered protocol family 2
[    1.910000] TCP established hash table entries: 512 (order: 0, 4096 bytes)
[    1.930000] TCP bind hash table entries: 512 (order: -1, 2048 bytes)
[    1.940000] TCP: Hash tables configured (established 512 bind 512)
[    1.950000] TCP: reno registered
[    1.950000] UDP hash table entries: 256 (order: 0, 4096 bytes)
[    1.960000] UDP-Lite hash table entries: 256 (order: 0, 4096 bytes)
[    1.990000] NET: Registered protocol family 1
[    2.580000] ROMFS MTD (C) 2007 Red Hat, Inc.
[    2.660000] io scheduler noop registered (default)
[    2.990000] Console: switching to colour frame buffer device 40x30
[    3.200000] dk3750_fb 84000000.framebuffer: fb0: dk3750_fb registered!
[    3.220000] 4000e400.uart: ttyefm4 at MMIO 0x4000e400 (irq = 24, base_baud = 0) is a efm32-uart
[    3.230000] console [ttyefm4] enabled, bootconsole disabled
[    3.230000] console [ttyefm4] enabled, bootconsole disabled
[    3.270000] EFM32 UART/USART driver
[    3.340000] uclinux[mtd]: probe address=0x18400000 size=0x4a000
[    3.360000] Creating 1 MTD partitions on "rom":
[    3.370000] 0x000000000000-0x00000004a000 : "ROMfs"
[    3.500000] mousedev: PS/2 mouse device common for all mice
[    3.530000] i2c /dev entries driver
[    3.640000] at24 0-0050: 256 byte 24c02 EEPROM, writable, 16 bytes/write
[    3.690000] lm75 0-0048: hwmon1: sensor 'stds75'
[    3.740000] TCP: cubic registered
[    3.750000] NET: Registered protocol family 17
[    4.000000] VFS: Mounted root (romfs filesystem) readonly on device 31:0.
[    4.010000] devtmpfs: mounted
[    4.020000] Freeing unused kernel memory: 24K (1600a000 - 16010000)
 _____                            __  __ _                
| ____|_ __   ___ _ __ __ _ _   _|  `/  (_) ___ _ __ ___  
|  _| | '_ ` / _ ` '__/ _` | | | | |`/| | |/ __| '__/ _ ` 
| |___| | | |  __/ | | (_| | |_| | |  | | | (__| | | (_) |
|_____|_| |_|`___|_|  `__, |`__, |_|  |_|_|`___|_|  `___/ 
                      |___/ |___/                         



OSELAS(R)-Gecko-2012.10.0+ / energymicro-efm32gg-dk3750-2012.10.0+
ptxdist-2013.07.1/2019-11-19T16:45:31+0000

/ # ls
tmp      linuxrc  dev      bin      proc     sbin
lib      etc      sys      usr      root
/ # 
/ # modprobe driver-gamepad
[   12.890000] Initializing gamepad driver
[   12.900000] platform driver my_probe running
[   12.900000] start addr1073766400
[   12.910000] end addr1073766911
[   12.910000] Allocating memory region for GPIO
[   12.920000] An error occured! Could not reserve memory region for GPIO
[   12.930000] my: probe of 40006000.tdt4258 failed with error 1
[   12.950000] platform driver registered
[   12.960000] platform driver my_probe running
[   12.970000] start addr268566528
[   12.970000] end addr71
[   12.980000] Allocating memory region for GPIO
[   12.980000] Initializing io memory remap for GPIO
[   12.990000] Getting device number
[   12.990000] Initializing as char driver
[   13.000000] Making driver visible to user space
[   13.020000] Setting up GPIO, using port C offset 72
[   13.030000] Writing to gpio to enable buttons. Using GPIO mode low offset 4 
[   13.040000] 
[   13.040000] Unhandled exception: IPSR = 00000005 LR = fffffff1
[   13.040000] 
[   13.040000] CPU: 0 PID: 36 Comm: modprobe Tainted: G           O 3.12.0-rc4 #1
[   13.040000] task: 16270fc0 ti: 160ec000 task.ti: 160ec000
[   13.040000] PC is at my_probe+0xdd/0x214 [driver_gamepad]
[   13.040000] LR is at my_probe+0xd2/0x214 [driver_gamepad]
[   13.040000] pc : [<1621313a>]    lr : [<1621312f>]    psr: 0100000b
[   13.040000] sp : 160edd38  ip : 00000020  fp : 160edf50
[   13.040000] r10: 00000000  r9 : fffffffa  r8 : fffffffa
[   13.040000] r7 : 16213691  r6 : 180a72fd  r5 : 16213b3c  r4 : 1812b655
[   13.040000] r3 : 10020000  r2 : 33333333  r1 : 0000000c  r0 : 16213705
Gecko
[    0.000000] Booting Linux on physical CPU 0x0
[    0.000000] Linux version 3.12.0-rc4 (non-root@76523091abb7) (gcc version 4.7.2 (OSELAS.Toolchain-2012.12.0) ) #1 PREEMPT Thu Nov 21 21:47:41 UTC 2019
[    0.000000] CPU: ARMv7-M [412fc231] revision 1 (ARMv7M), cr=00000000
[    0.000000] CPU: unknown data cache, unknown instruction cache
[    0.000000] Machine: EFM32 (Device Tree Support), model: Energy Micro Giant Gecko Development Kit
[    0.000000] debug: ignoring loglevel setting.
[    0.000000] bootconsole [earlycon0] enabled
[    0.000000] On node 0 totalpages: 986
[    0.000000] free_area_init_node: node 0, pgdat 16027d10, node_mem_map 16000000
[    0.000000]   Normal zone: 8 pages used for memmap
[    0.000000]   Normal zone: 0 pages reserved
[    0.000000]   Normal zone: 986 pages, LIFO batch:0
[    0.000000] pcpu-alloc: s0 r0 d32768 u32768 alloc=1*32768
[    0.000000] pcpu-alloc: [0] 0 
[    0.000000] Built 1 zonelists in Zone order, mobility grouping off.  Total pages: 978
[    0.000000] Kernel command line: console=ttyefm4,115200 init=/linuxrc ignore_loglevel ihash_entries=64 dhash_entries=64 earlyprintk uclinux.physaddr=0x18400000 root=/dev/mtdblock0
[    0.000000] PID hash table entries: 16 (order: -6, 64 bytes)
[    0.000000] Dentry cache hash table entries: 64 (order: -4, 256 bytes)
[    0.000000] Inode-cache hash table entries: 64 (order: -4, 256 bytes)
[    0.000000] Memory: 3684K/3944K available (1287K kernel code, 104K rwdata, 596K rodata, 66K init, 51K bss, 260K reserved)
[    0.000000] Virtual kernel memory layout:
[    0.000000]     vector  : 0x00000000 - 0x00001000   (   4 kB)
[    0.000000]     fixmap  : 0xfff00000 - 0xfffe0000   ( 896 kB)
[    0.000000]     vmalloc : 0x00000000 - 0xffffffff   (4095 MB)
[    0.000000]     lowmem  : 0x16000000 - 0x163da000   (   3 MB)
[    0.000000]     modules : 0x16000000 - 0x163da000   (   3 MB)
[    0.000000]       .text : 0x18000000 - 0x181d6d44   (1884 kB)
[    0.000000]       .init : 0x1600a000 - 0x16010000   (  24 kB)
[    0.000000]       .data : 0x16008000 - 0x16028360   ( 129 kB)
[    0.000000]        .bss : 0x1602836c - 0x16034f74   (  52 kB)
[    0.000000] SLUB: HWalign=32, Order=0-3, MinObjects=0, CPUs=1, Nodes=1
[    0.000000] Preemptible hierarchical RCU implementation.
[    0.000000] NR_IRQS:16 nr_irqs:16 16
[    0.000000] sched_clock: 32 bits at 100 Hz, resolution 10000000ns, wraps every 4294967286ms
[    0.000000] Console: colour dummy device 80x30
[    0.020000] Calibrating delay loop... 30.72 BogoMIPS (lpj=153600)
[    0.110000] pid_max: default: 4096 minimum: 301
[    0.120000] Mount-cache hash table entries: 512
[    0.180000] 
[    0.180000] Unhandled exception: IPSR = 00000006 LR = fffffff1
[    0.180000] 
[    0.180000] CPU: 0 PID: 1332346952 Comm: `DH!A`BH Not tainted 3.12.0-rc4 #1
[    0.180000] 
[    0.180000] Unhandled exception: IPSR = 00000003 LR = fffffff1
[    0.180000] 
[    0.180000] CPU: 0 PID: 1332346952 Comm: `DH!A`BH Not tainted 3.12.0-rc4 #1
Gecko
[    0.000000] Booting Linux on physical CPU 0x0
[    0.000000] Linux version 3.12.0-rc4 (non-root@76523091abb7) (gcc version 4.7.2 (OSELAS.Toolchain-2012.12.0) ) #1 PREEMPT Thu Nov 21 21:47:41 UTC 2019
[    0.000000] CPU: ARMv7-M [412fc231] revision 1 (ARMv7M), cr=00000000
[    0.000000] CPU: unknown data cache, unknown instruction cache
[    0.000000] Machine: EFM32 (Device Tree Support), model: Energy Micro Giant Gecko Development Kit
[    0.000000] debug: ignoring loglevel setting.
[    0.000000] bootconsole [earlycon0] enabled
[    0.000000] On node 0 totalpages: 986
[    0.000000] free_area_init_node: node 0, pgdat 16027d10, node_mem_map 16000000
[    0.000000]   Normal zone: 8 pages used for memmap
[    0.000000]   Normal zone: 0 pages reserved
[    0.000000]   Normal zone: 986 pages, LIFO batch:0
[    0.000000] pcpu-alloc: s0 r0 d32768 u32768 alloc=1*32768
[    0.000000] pcpu-alloc: [0] 0 
[    0.000000] Built 1 zonelists in Zone order, mobility grouping off.  Total pages: 978
[    0.000000] Kernel command line: console=ttyefm4,115200 init=/linuxrc ignore_loglevel ihash_entries=64 dhash_entries=64 earlyprintk uclinux.physaddr=0x18400000 root=/dev/mtdblock0
[    0.000000] PID hash table entries: 16 (order: -6, 64 bytes)
[    0.000000] Dentry cache hash table entries: 64 (order: -4, 256 bytes)
[    0.000000] Inode-cache hash table entries: 64 (order: -4, 256 bytes)
[    0.000000] Memory: 3684K/3944K available (1287K kernel code, 104K rwdata, 596K rodata, 66K init, 51K bss, 260K reserved)
[    0.000000] Virtual kernel memory layout:
[    0.000000]     vector  : 0x00000000 - 0x00001000   (   4 kB)
[    0.000000]     fixmap  : 0xfff00000 - 0xfffe0000   ( 896 kB)
[    0.000000]     vmalloc : 0x00000000 - 0xffffffff   (4095 MB)
[    0.000000]     lowmem  : 0x16000000 - 0x163da000   (   3 MB)
[    0.000000]     modules : 0x16000000 - 0x163da000   (   3 MB)
[    0.000000]       .text : 0x18000000 - 0x181d6d44   (1884 kB)
[    0.000000]       .init : 0x1600a000 - 0x16010000   (  24 kB)
[    0.000000]       .data : 0x16008000 - 0x16028360   ( 129 kB)
[    0.000000]        .bss : 0x1602836c - 0x16034f74   (  52 kB)
[    0.000000] SLUB: HWalign=32, Order=0-3, MinObjects=0, CPUs=1, Nodes=1
[    0.000000] Preemptible hierarchical RCU implementation.
[    0.000000] NR_IRQS:16 nr_irqs:16 16
[    0.000000] sched_clock: 32 bits at 100 Hz, resolution 10000000ns, wraps every 4294967286ms
[    0.000000] Console: colour dummy device 80x30
[    0.000000] Calibrating delay loop... Gecko
[    0.000000] Booting Linux on physical CPU 0x0
[    0.000000] Linux version 3.12.0-rc4 (non-root@76523091abb7) (gcc version 4.7.2 (OSELAS.Toolchain-2012.12.0) ) #1 PREEMPT Thu Nov 21 21:47:41 UTC 2019
[    0.000000] CPU: ARMv7-M [412fc231] revision 1 (ARMv7M), cr=00000000
[    0.000000] CPU: unknown data cache, unknown instruction cache
[    0.000000] Machine: EFM32 (Device Tree Support), model: Energy Micro Giant Gecko Development Kit
[    0.000000] debug: ignoring loglevel setting.
[    0.000000] bootconsole [earlycon0] enabled
[    0.000000] On node 0 totalpages: 986
[    0.000000] free_area_init_node: node 0, pgdat 16027d10, node_mem_map 16000000
[    0.000000]   Normal zone: 8 pages used for memmap
[    0.000000]   Normal zone: 0 pages reserved
[    0.000000]   Normal zone: 986 pages, LIFO batch:0
[    0.000000] pcpu-alloc: s0 r0 d32768 u32768 alloc=1*32768
[    0.000000] pcpu-alloc: [0] 0 
[    0.000000] Built 1 zonelists in Zone order, mobility grouping off.  Total pages: 978
[    0.000000] Kernel command line: console=ttyefm4,115200 init=/linuxrc ignore_loglevel ihash_entries=64 dhash_entries=64 earlyprintk uclinux.physaddr=0x18400000 root=/dev/mtdblock0
[    0.000000] PID hash table entries: 16 (order: -6, 64 bytes)
[    0.000000] Dentry cache hash table entries: 64 (order: -4, 256 bytes)
[    0.000000] Inode-cache hash table entries: 64 (order: -4, 256 bytes)
[    0.000000] Memory: 3684K/3944K available (1287K kernel code, 104K rwdata, 596K rodata, 66K init, 51K bss, 260K reserved)
[    0.000000] Virtual kernel memory layout:
[    0.000000]     vector  : 0x00000000 - 0x00001000   (   4 kB)
[    0.000000]     fixmap  : 0xfff00000 - 0xfffe0000   ( 896 kB)
[    0.000000]     vmalloc : 0x00000000 - 0xffffffff   (4095 MB)
[    0.000000]     lowmem  : 0x16000000 - 0x163da000   (   3 MB)
[    0.000000]     modules : 0x16000000 - 0x163da000   (   3 MB)
[    0.000000]       .text : 0x18000000 - 0x181d6d44   (1884 kB)
[    0.000000]       .init : 0x1600a000 - 0x16010000   (  24 kB)
[    0.000000]       .data : 0x16008000 - 0x16028360   ( 129 kB)
[    0.000000]        .bss : 0x1602836c - 0x16034f74   (  52 kB)
[    0.000000] SLUB: HWalign=32, Order=0-3, MinObjects=0, CPUs=1, Nodes=1
[    0.000000] Preemptible hierarchical RCU implementation.
[    0.000000] NR_IRQS:16 nr_irqs:16 16
[    0.000000] sched_clock: 32 bits at 100 Hz, resolution 10000000ns, wraps every 4294967286ms
[    0.000000] Console: colour dummy device 80x30
[    0.020000] Calibrating delay loop... 30.72 BogoMIPS (lpj=153600)
[    0.110000] pid_max: default: 4096 minimum: 301
[    0.120000] Mount-cache hash table entries: 512
Gecko
[    0.000000] Booting Linux on physical CPU 0x0
[    0.000000] Linux version 3.12.0-rc4 (non-root@76523091abb7) (gcc version 4.7.2 (OSELAS.Toolchain-2012.12.0) ) #1 PREEMPT Thu Nov 21 21:47:41 UTC 2019
[    0.000000] CPU: ARMv7-M [412fc231] revision 1 (ARMv7M), cr=00000000
[    0.000000] CPU: unknown data cache, unknown instruction cache
[    0.000000] Machine: EFM32 (Device Tree Support), model: Energy Micro Giant Gecko Development Kit
[    0.000000] debug: ignoring loglevel setting.
[    0.000000] bootconsole [earlycon0] enabled
[    0.000000] On node 0 totalpages: 986
[    0.000000] free_area_init_node: node 0, pgdat 16027d10, node_mem_map 16000000
[    0.000000]   Normal zone: 8 pages used for memmap
[    0.000000]   Normal zone: 0 pages reserved
[    0.000000]   Normal zone: 986 pages, LIFO batch:0
[    0.000000] pcpu-alloc: s0 r0 d32768 u32768 alloc=1*32768
[    0.000000] pcpu-alloc: [0] 0 
[    0.000000] Built 1 zonelists in Zone order, mobility grouping off.  Total pages: 978
[    0.000000] Kernel command line: console=ttyefm4,115200 init=/linuxrc ignore_loglevel ihash_entries=64 dhash_entries=64 earlyprintk uclinux.physaddr=0x18400000 root=/dev/mtdblock0
[    0.000000] PID hash table entries: 16 (order: -6, 64 bytes)
[    0.000000] Dentry cache hash table entries: 64 (order: -4, 256 bytes)
[    0.000000] Inode-cache hash table entries: 64 (order: -4, 256 bytes)
[    0.000000] Memory: 3684K/3944K available (1287K kernel code, 104K rwdata, 596K rodata, 66K init, 51K bss, 260K reserved)
[    0.000000] Virtual kernel memory layout:
[    0.000000]     vector  : 0x00000000 - 0x00001000   (   4 kB)
[    0.000000]     fixmap  : 0xfff00000 - 0xfffe0000   ( 896 kB)
[    0.000000]     vmalloc : 0x00000000 - 0xffffffff   (4095 MB)
[    0.000000]     lowmem  : 0x16000000 - 0x163da000   (   3 MB)
[    0.000000]     modules : 0x16000000 - 0x163da000   (   3 MB)
[    0.000000]       .text : 0x18000000 - 0x181d6d44   (1884 kB)
[    0.000000]       .init : 0x1600a000 - 0x16010000   (  24 kB)
[    0.000000]       .data : 0x16008000 - 0x16028360   ( 129 kB)
[    0.000000]        .bss : 0x1602836c - 0x16034f74   (  52 kB)
[    0.000000] SLUB: HWalign=32, Order=0-3, MinObjects=0, CPUs=1, Nodes=1
[    0.000000] Preemptible hierarchical RCU implementation.
[    0.000000] NR_IRQS:16 nr_irqs:16 16
[    0.000000] sched_clock: 32 bits at 100 Hz, resolution 10000000ns, wraps every 4294967286ms
[    0.000000] Console: colour dummy device 80x30
[    0.020000] Calibrating delay loop... 30.72 BogoMIPS (lpj=153600)
[    0.110000] pid_max: default: 4096 minimum: 301
[    0.120000] Mount-cache hash table entries: 512
[    0.360000] devtmpfs: initialized
[    0.430000] NET: Registered protocol family 16
[    0.640000] Reset Cause: 0x0000006c
[    0.640000]  `-> An external reset has been applied.
[    0.650000] Energy Micro Giant Gecko, EFM32GG990F1024 (rev 1D, prodrev 20), 128 kB RAM
[    0.660000] Missing cpus node, bailing out
[    0.950000] bio: create slab <bio-0> at 0
[    1.060000] Switched to clocksource efm32 timer
[    1.850000] NET: Registered protocol family 2
[    1.910000] TCP established hash table entries: 512 (order: 0, 4096 bytes)
[    1.930000] TCP bind hash table entries: 512 (order: -1, 2048 bytes)
[    1.940000] TCP: Hash tables configured (established 512 bind 512)
[    1.950000] TCP: reno registered
[    1.950000] UDP hash table entries: 256 (order: 0, 4096 bytes)
[    1.960000] UDP-Lite hash table entries: 256 (order: 0, 4096 bytes)
[    1.990000] NET: Registered protocol family 1
[    2.580000] ROMFS MTD (C) 2007 Red Hat, Inc.
[    2.660000] io scheduler noop registered (default)
[    2.990000] Console: switching to colour frame buffer device 40x30
[    3.200000] dk3750_fb 84000000.framebuffer: fb0: dk3750_fb registered!
[    3.220000] 4000e400.uart: ttyefm4 at MMIO 0x4000e400 (irq = 24, base_baud = 0) is a efm32-uart
[    3.230000] console [ttyefm4] enabled, bootconsole disabled
[    3.230000] console [ttyefm4] enabled, bootconsole disabled
[    3.270000] EFM32 UART/USART driver
[    3.340000] uclinux[mtd]: probe address=0x18400000 size=0x4a000
[    3.360000] Creating 1 MTD partitions on "rom":
[    3.370000] 0x000000000000-0x00000004a000 : "ROMfs"
[    3.500000] mousedev: PS/2 mouse device common for all mice
[    3.530000] i2c /dev entries driver
[    3.640000] at24 0-0050: 256 byte 24c02 EEPROM, writable, 16 bytes/write
[    3.690000] lm75 0-0048: hwmon1: sensor 'stds75'
[    3.740000] TCP: cubic registered
[    3.750000] NET: Registered protocol family 17
[    4.000000] VFS: Mounted root (romfs filesystem) readonly on device 31:0.
[    4.010000] devtmpfs: mounted
[    4.020000] Freeing unused kernel memory: 24K (1600a000 - 16010000)
 _____                            __  __ _                
| ____|_ __   ___ _ __ __ _ _   _|  `/  (_) ___ _ __ ___  
|  _| | '_ ` / _ ` '__/ _` | | | | |`/| | |/ __| '__/ _ ` 
| |___| | | |  __/ | | (_| | |_| | |  | | | (__| | | (_) |
|_____|_| |_|`___|_|  `__, |`__, |_|  |_|_|`___|_|  `___/ 
                      |___/ |___/                         



OSELAS(R)-Gecko-2012.10.0+ / energymicro-efm32gg-dk3750-2012.10.0+
ptxdist-2013.07.1/2019-11-19T16:45:31+0000

/ # modprobe driver-gamepad
[    9.250000] Initializing gamepad driver
[    9.260000] platform driver my_probe running
[    9.260000] start addr: 1073766400
[    9.270000] end addr: 1073766911
[    9.270000] GPIO start addr: 1073766400
[    9.280000] GPIO start addr: 288
[    9.290000] Allocating memory region for GPIO
[    9.290000] An error occured! Could not reserve memory region for GPIO
[    9.300000] my: probe of 40006000.tdt4258 failed with error 1
[    9.320000] platform driver registered
[    9.330000] platform driver my_probe running
[    9.340000] start addr: 268566528
[    9.340000] end addr: 71
[    9.350000] GPIO start addr: 1073766400
[    9.350000] GPIO start addr: 288
[    9.360000] Allocating memory region for GPIO
[    9.360000] Initializing io memory remap for GPIO
[    9.370000] Getting device number
[    9.380000] Initializing as char driver
[    9.380000] Making driver visible to user space
[    9.400000] Setting up GPIO, using port C offset 72
[    9.410000] Writing to gpio to enable buttons. Using GPIO mode low offset 4 
[    9.420000] 
[    9.420000] Unhandled exception: IPSR = 00000005 LR = fffffff1
[    9.420000] 
[    9.420000] CPU: 0 PID: 35 Comm: modprobe Tainted: G           O 3.12.0-rc4 #1
[    9.420000] task: 16270fc0 ti: 160ec000 task.ti: 160ec000
[    9.420000] PC is at my_probe+0xe9/0x228 [driver_gamepad]
[    9.420000] LR is at my_probe+0xe0/0x228 [driver_gamepad]
[    9.420000] pc : [<16213146>]    lr : [<1621313d>]    psr: 0100000b
[    9.420000] sp : 160edd38  ip : 00000020  fp : 160edf50
